################################################################################
#                                                                              #
#      IAR Universal Linker V5.4.1.30                                          #
#                                                                              #
#           Link time     =  21/May/2013  12:06:55                             #
#           Target CPU    =  x51                                               #
#           List file     =  "C:\Users\Calplug\Desktop\IAR\New Workspace\ide\s #
#                            rf05_cc2530\iar\temp\per_test.map"                #
#           Output file 1 =  "C:\Users\Calplug\Desktop\IAR\New Workspace\ide\s #
#                            rf05_cc2530\iar\per_test.hex"                     #
#                            Format: intel-extended                            #
#           Output file 2 =  "C:\Users\Calplug\Desktop\IAR\New Workspace\ide\s #
#                            rf05_cc2530\iar\per_test.d51"                     #
#                            Format: debug                                     #
#                            UBROF version 10.0.6                              #
#                            Using library modules for C-SPY (-rt)             #
#           Command line  =  "-IC:\Program Files (x86)\IAR Systems\Embedded Wo #
#                            rkbench 6.4\8051\CONFIG\"                         #
#                            -D_NR_OF_BANKS=0x07 -D_CODEBANK_END=0xFFFF        #
#                            -D_CODEBANK_START=0x8000 -D?CBANK_MASK=0xFF       #
#                            -D?CBANK=0x9F                                     #
#                            "C:\Users\Calplug\Desktop\IAR\New Workspace\ide\s #
#                            rf05_cc2530\iar\temp\per_test\adc.r51"            #
#                            "C:\Users\Calplug\Desktop\IAR\New Workspace\ide\s #
#                            rf05_cc2530\iar\temp\per_test\basic_rf.r51"       #
#                            "C:\Users\Calplug\Desktop\IAR\New Workspace\ide\s #
#                            rf05_cc2530\iar\temp\per_test\clock.r51"          #
#                            "C:\Users\Calplug\Desktop\IAR\New Workspace\ide\s #
#                            rf05_cc2530\iar\temp\per_test\hal_assert.r51"     #
#                            "C:\Users\Calplug\Desktop\IAR\New Workspace\ide\s #
#                            rf05_cc2530\iar\temp\per_test\hal_board.r51"      #
#                            "C:\Users\Calplug\Desktop\IAR\New Workspace\ide\s #
#                            rf05_cc2530\iar\temp\per_test\hal_button.r51"     #
#                            "C:\Users\Calplug\Desktop\IAR\New Workspace\ide\s #
#                            rf05_cc2530\iar\temp\per_test\hal_digio.r51"      #
#                            "C:\Users\Calplug\Desktop\IAR\New Workspace\ide\s #
#                            rf05_cc2530\iar\temp\per_test\hal_int.r51"        #
#                            "C:\Users\Calplug\Desktop\IAR\New Workspace\ide\s #
#                            rf05_cc2530\iar\temp\per_test\hal_joystick.r51"   #
#                            "C:\Users\Calplug\Desktop\IAR\New Workspace\ide\s #
#                            rf05_cc2530\iar\temp\per_test\hal_lcd_srf05.r51"  #
#                            "C:\Users\Calplug\Desktop\IAR\New Workspace\ide\s #
#                            rf05_cc2530\iar\temp\per_test\hal_led.r51"        #
#                            "C:\Users\Calplug\Desktop\IAR\New Workspace\ide\s #
#                            rf05_cc2530\iar\temp\per_test\hal_mcu.r51"        #
#                            "C:\Users\Calplug\Desktop\IAR\New Workspace\ide\s #
#                            rf05_cc2530\iar\temp\per_test\hal_rf.r51"         #
#                            "C:\Users\Calplug\Desktop\IAR\New Workspace\ide\s #
#                            rf05_cc2530\iar\temp\per_test\hal_timer_32k.r51"  #
#                            "C:\Users\Calplug\Desktop\IAR\New Workspace\ide\s #
#                            rf05_cc2530\iar\temp\per_test\hal_uart_cc8051.r51 #
#                            "                                                 #
#                            "C:\Users\Calplug\Desktop\IAR\New Workspace\ide\s #
#                            rf05_cc2530\iar\temp\per_test\per_test.r51"       #
#                            "C:\Users\Calplug\Desktop\IAR\New Workspace\ide\s #
#                            rf05_cc2530\iar\temp\per_test\per_test_menu.r51"  #
#                            "C:\Users\Calplug\Desktop\IAR\New Workspace\ide\s #
#                            rf05_cc2530\iar\temp\per_test\util.r51"           #
#                            "C:\Users\Calplug\Desktop\IAR\New Workspace\ide\s #
#                            rf05_cc2530\iar\temp\per_test\util_buffer.r51"    #
#                            "C:\Users\Calplug\Desktop\IAR\New Workspace\ide\s #
#                            rf05_cc2530\iar\temp\per_test\util_lcd.r51"       #
#                            "C:\Users\Calplug\Desktop\IAR\New Workspace\ide\s #
#                            rf05_cc2530\iar\temp\per_test\util_uart.r51"      #
#                            -o                                                #
#                            "C:\Users\Calplug\Desktop\IAR\New Workspace\ide\s #
#                            rf05_cc2530\iar\per_test.d51"                     #
#                            -l                                                #
#                            "C:\Users\Calplug\Desktop\IAR\New Workspace\ide\s #
#                            rf05_cc2530\iar\temp\per_test.map"                #
#                            -xmsn                                             #
#                            "-IC:\Program Files (x86)\IAR Systems\Embedded Wo #
#                            rkbench 6.4\8051\LIB\"                            #
#                            -f                                                #
#                            "C:\Program Files (x86)\IAR Systems\Embedded Work #
#                            bench 6.4\8051\config\devices\Texas Instruments\l #
#                            nk51ew_cc2530F256_banked.xcl"                     #
#                            (-D_IDATA0_START=0x00 -D_IDATA0_END=0xFF          #
#                            -D_PDATA0_START=0x1E00 -D_PDATA0_END=0x1EFF       #
#                            -D_IXDATA0_START=0x0001 -D_IXDATA0_END=0x1EFF     #
#                            -D_XDATA0_START=_IXDATA0_START                    #
#                            -D_XDATA0_END=_IXDATA0_END                        #
#                            -D_NEAR_CODE_START=0x0000                         #
#                            -D_FIRST_BANK_ADDR=0x10000 -D?REGISTER_BANK=0x0   #
#                            -D_REGISTER_BANK_START=0x0 -D_BREG_START=0x00     #
#                            -D?VB=0x20 -D?ESP=0x9B -Z(BIT)BREG=_BREG_START    #
#                            -Z(BIT)BIT_N=0-7F                                 #
#                            -Z(DATA)REGISTERS+8=_REGISTER_BANK_START          #
#                            -Z(DATA)BDATA_Z,BDATA_N,BDATA_I=20-2F             #
#                            -Z(DATA)VREG+_NR_OF_VIRTUAL_REGISTERS=08-7F       #
#                            -Z(DATA)PSP,XSP=08-7F -Z(DATA)DOVERLAY=08-7F      #
#                            -Z(DATA)DATA_I,DATA_Z,DATA_N=08-7F                #
#                            -U(IDATA)0-7F=(DATA)0-7F                          #
#                            -Z(IDATA)IDATA_I,IDATA_Z,IDATA_N=08-_IDATA0_END   #
#                            -Z(IDATA)ISTACK+_IDATA_STACK_SIZE#08-_IDATA0_END  #
#                            -Z(IDATA)IOVERLAY=08-FF -Z(CODE)INTVEC=0          #
#                            -Z(CODE)CSTART=_NEAR_CODE_START-(_CODEBANK_START- #
#                            1)                                                #
#                            -Z(CODE)BIT_ID,BDATA_ID,DATA_ID,IDATA_ID,IXDATA_I #
#                            D,PDATA_ID,XDATA_ID=_NEAR_CODE_START-(_CODEBANK_S #
#                            TART-1)                                           #
#                            -Z(CODE)BANK_RELAYS,RCODE,DIFUNCT,CODE_C,CODE_N,N #
#                            EAR_CODE=_NEAR_CODE_START-(_CODEBANK_START-1)     #
#                            -P(CODE)BANKED_CODE=_NEAR_CODE_START-(_CODEBANK_S #
#                            TART-1),[(_CODEBANK_START+_FIRST_BANK_ADDR)-(_COD #
#                            EBANK_END+_FIRST_BANK_ADDR)]*_NR_OF_BANKS+10000   #
#                            -Z(CODE)CHECKSUM#(_CODEBANK_START-1)              #
#                            -Z(XDATA)PDATA_Z,PDATA_I=_PDATA0_START-_PDATA0_EN #
#                            D                                                 #
#                            -P(XDATA)PDATA_N=_PDATA0_START-_PDATA0_END        #
#                            -Z(XDATA)PSTACK+_PDATA_STACK_SIZE=_PDATA0_START-_ #
#                            PDATA0_END                                        #
#                            -Z(XDATA)EXT_STACK+_EXTENDED_STACK_SIZE=_EXTENDED #
#                            _STACK_START                                      #
#                            -Z(XDATA)XSTACK+_XDATA_STACK_SIZE=_XDATA0_START-_ #
#                            XDATA0_END                                        #
#                            -Z(XDATA)IXDATA_Z,IXDATA_I=_IXDATA0_START-_IXDATA #
#                            0_END                                             #
#                            -P(XDATA)IXDATA_N=_IXDATA0_START-_IXDATA0_END     #
#                            -Z(XDATA)XDATA_Z,XDATA_I=_XDATA0_START-_XDATA0_EN #
#                            D                                                 #
#                            -P(XDATA)XDATA_N=_XDATA0_START-_XDATA0_END        #
#                            -Z(XDATA)XDATA_HEAP+_XDATA_HEAP_SIZE=_XDATA0_STAR #
#                            T-_XDATA0_END                                     #
#                            -Z(CONST)XDATA_ROM_C=_XDATA0_START-_XDATA0_END    #
#                            -cx51                                             #
#                            -M(CODE)[(_CODEBANK_START+_FIRST_BANK_ADDR)-(_COD #
#                            EBANK_END+_FIRST_BANK_ADDR)]*_NR_OF_BANKS+0x10000 #
#                            =0x8000                                           #
#                            -ww69=i -D_BANK0_START=0x00000                    #
#                            -D_BANK0_END=0x07FFF -D_BANK1_START=0x18000       #
#                            -D_BANK1_END=0x1FFFF -D_BANK2_START=0x28000       #
#                            -D_BANK2_END=0x2FFFF -D_BANK3_START=0x38000       #
#                            -D_BANK3_END=0x3FFFF -D_BANK4_START=0x48000       #
#                            -D_BANK4_END=0x4FFFF -D_BANK5_START=0x58000       #
#                            -D_BANK5_END=0x5FFFF -D_BANK6_START=0x68000       #
#                            -D_BANK6_END=0x6FFFF -D_BANK7_START=0x78000       #
#                            -D_BANK7_END=0x7FFFF                              #
#                            -P(CODE)BANK0=_BANK0_START-_BANK0_END             #
#                            -P(CODE)BANK1=_BANK1_START-_BANK1_END             #
#                            -P(CODE)BANK2=_BANK2_START-_BANK2_END             #
#                            -P(CODE)BANK3=_BANK3_START-_BANK3_END             #
#                            -P(CODE)BANK4=_BANK4_START-_BANK4_END             #
#                            -P(CODE)BANK5=_BANK5_START-_BANK5_END             #
#                            -P(CODE)BANK6=_BANK6_START-_BANK6_END             #
#                            -P(CODE)BANK7=_BANK7_START-_BANK7_END             #
#                            -D_FLASH_LOCK_BITS_START=0x7FFF0                  #
#                            -D_FLASH_LOCK_BITS_END=0x7FFFF                    #
#                            -Z(CODE)FLASH_LOCK_BITS=_FLASH_LOCK_BITS_START-_F #
#                            LASH_LOCK_BITS_END                                #
#                            -U(CODE)0x0000=(CODE)_FLASH_LOCK_BITS_START-_FLAS #
#                            H_LOCK_BITS_END)                                  #
#                            -e?BCALL_FF=?BCALL -e?BRET_FF=?BRET               #
#                            -e?BDISPATCH_FF=?BDISPATCH                        #
#                            -D_NR_OF_VIRTUAL_REGISTERS=8 -D?PBANK=0x93        #
#                            -e_medium_write=_formatted_write                  #
#                            -e_medium_read=_formatted_read -rt                #
#                            "-Ointel-extended=C:\Users\Calplug\Desktop\IAR\Ne #
#                            w Workspace\ide\srf05_cc2530\iar\per_test.hex"    #
#                            -s __program_start                                #
#                            "C:\Program Files (x86)\IAR Systems\Embedded Work #
#                            bench 6.4\8051\LIB\CLIB\cl-pli-blxd-1e16x01.r51"  #
#                            -D_IDATA_STACK_SIZE=0x40                          #
#                            -D_EXTENDED_STACK_START=0x00                      #
#                            -D_EXTENDED_STACK_SIZE=0x00                       #
#                            -D_PDATA_STACK_SIZE=0x80                          #
#                            -D_XDATA_STACK_SIZE=0x100                         #
#                            -D_XDATA_HEAP_SIZE=0xFF -D_FAR_HEAP_SIZE=0xFFF    #
#                            -D_HUGE_HEAP_SIZE=0xFFF                           #
#                            -D_FAR22_HEAP_SIZE=0xFFF                          #
#                                                                              #
#                           Copyright (C) 1987-2012 IAR Systems AB.            #
################################################################################





                ****************************************
                *                                      *
                *           CROSS REFERENCE            *
                *                                      *
                ****************************************

       Program entry at : CODE      000000E3  Relocatable, from module : CSTARTUP




                ****************************************
                *                                      *
                *            RUNTIME MODEL             *
                *                                      *
                ****************************************

  __SystemLibrary          = CLib
  __calling_convention     = xdata_reentrant
  __code_model             = banked
  __core                   = plain
  __data_model             = large
  __dptr_size              = 16
  __extended_stack         = disabled
  __location_for_constants = data
  __number_of_dptrs        = 1
  __rt_version             = 1

                ****************************************
                *                                      *
                *    AUTOMATIC SYMBOL REDIRECTIONS     *
                *                                      *
                ****************************************

                  There are no automatic symbol redirections.



                ****************************************
                *                                      *
                *              MODULE MAP              *
                *                                      *
                ****************************************


  DEFINED ABSOLUTE ENTRIES
    *************************************************************************

  DEFINED ABSOLUTE ENTRIES
  PROGRAM MODULE, NAME : ?ABS_ENTRY_MOD

Absolute parts
           ENTRY                   ADDRESS         REF BY
           =====                   =======         ======
           _FAR22_HEAP_SIZE        00000FFF 
           _HUGE_HEAP_SIZE         00000FFF 
           _FAR_HEAP_SIZE          00000FFF 
           _XDATA_HEAP_SIZE        000000FF 
           _XDATA_STACK_SIZE       00000100 
           _PDATA_STACK_SIZE       00000080 
           _EXTENDED_STACK_SIZE    00000000 
           _EXTENDED_STACK_START   00000000 
           _IDATA_STACK_SIZE       00000040 
           ?PBANK                  00000093 
           _NR_OF_VIRTUAL_REGISTERS
                                   00000008 
           _FLASH_LOCK_BITS_END    0003FFFF 
           _FLASH_LOCK_BITS_START
                                   0003FFF0 
           _BANK7_END              0003FFFF 
           _BANK7_START            00038000 
           _BANK6_END              00037FFF 
           _BANK6_START            00030000 
           _BANK5_END              0002FFFF 
           _BANK5_START            00028000 
           _BANK4_END              00027FFF 
           _BANK4_START            00020000 
           _BANK3_END              0001FFFF 
           _BANK3_START            00018000 
           _BANK2_END              00017FFF 
           _BANK2_START            00010000 
           _BANK1_END              0000FFFF 
           _BANK1_START            00008000 
           _BANK0_END              00007FFF 
           _BANK0_START            00000000 
           ?ESP                    0000009B 
           ?VB                     00000020        ?BANKED_ENTER_XDATA (?BANKED_ENTER_XDATA)
                                                   ?BANKED_LEAVE_XDATA (?BANKED_LEAVE_XDATA)
                                                   ?INTERRUPT_ENTER_XSP (?INTERRUPT_ENTER_XSP)
                                                   ?INTERRUPT_LEAVE_XSP (?INTERRUPT_LEAVE_XSP)
           _BREG_START             00000000 
           _REGISTER_BANK_START    00000000 
           ?REGISTER_BANK          00000000        Segment part 6 (CSTARTUP)
           _FIRST_BANK_ADDR        00010000 
           _NEAR_CODE_START        00000000 
           _XDATA0_END             00001EFF 
           _XDATA0_START           00000001 
           _IXDATA0_END            00001EFF 
           _IXDATA0_START          00000001 
           _PDATA0_END             00001EFF 
           _PDATA0_START           00001E00 
           _IDATA0_END             000000FF 
           _IDATA0_START           00000000 
           ?CBANK                  0000009F        ?RESET_CODE_BANK (CSTARTUP)
                                                   Segment part 0 (?BANKED_CODE_SUPPORT)
           ?CBANK_MASK             000000FF 
           _CODEBANK_START         00008000 
           _CODEBANK_END           0000FFFF 
           _NR_OF_BANKS            00000007 
    *************************************************************************

  FILE NAME : C:\Users\Calplug\Desktop\IAR\New Workspace\ide\srf05_cc2530\iar\temp\per_test\adc.r51
    *************************************************************************

  FILE NAME : C:\Users\Calplug\Desktop\IAR\New Workspace\ide\srf05_cc2530\iar\temp\per_test\basic_rf.r51
  PROGRAM MODULE, NAME : basic_rf

  SEGMENTS IN THE MODULE
  ======================
XDATA_I
  Relative segment, address: XDATA 00000781 - 0000078C (0xc bytes), align: 0
  Segment part 51.            Intra module refs:   main
    -------------------------------------------------------------------------
XDATA_I
  Relative segment, address: XDATA 0000078D - 00000793 (0x7 bytes), align: 0
  Segment part 53.            Intra module refs:   main
    -------------------------------------------------------------------------
XDATA_I
  Relative segment, address: XDATA 00000794 - 000007A2 (0xf bytes), align: 0
  Segment part 55.            Intra module refs:   main
    -------------------------------------------------------------------------
XDATA_I
  Relative segment, address: XDATA 000007A3 - 000007B2 (0x10 bytes), align: 0
  Segment part 57.            Intra module refs:   determineWaveform
    -------------------------------------------------------------------------
XDATA_I
  Relative segment, address: XDATA 000007B3 - 000007C1 (0xf bytes), align: 0
  Segment part 59.            Intra module refs:   determineWaveform
    -------------------------------------------------------------------------
XDATA_I
  Relative segment, address: XDATA 000007C2 - 000007C8 (0x7 bytes), align: 0
  Segment part 61.            Intra module refs:   determineWaveform
    -------------------------------------------------------------------------
XDATA_I
  Relative segment, address: XDATA 000007C9 - 000007CE (0x6 bytes), align: 0
  Segment part 63.            Intra module refs:   determineWaveform
    -------------------------------------------------------------------------
XDATA_I
  Relative segment, address: XDATA 000007CF - 000007D9 (0xb bytes), align: 0
  Segment part 65.            Intra module refs:   determineWaveform
    -------------------------------------------------------------------------
XDATA_I
  Relative segment, address: XDATA 000007DA - 000007E4 (0xb bytes), align: 0
  Segment part 67.            Intra module refs:   determineWaveform
    -------------------------------------------------------------------------
XDATA_I
  Relative segment, address: XDATA 000007E5 - 000007EE (0xa bytes), align: 0
  Segment part 69.            Intra module refs:   determineWaveform
    -------------------------------------------------------------------------
XDATA_I
  Relative segment, address: XDATA 000007EF - 000007F3 (0x5 bytes), align: 0
  Segment part 71.            Intra module refs:   determineWaveform
    -------------------------------------------------------------------------
XDATA_I
  Relative segment, address: XDATA 000007F4 - 000007F5 (0x2 bytes), align: 0
  Segment part 73.            Intra module refs:   determineWaveform
    -------------------------------------------------------------------------
XDATA_I
  Relative segment, address: XDATA 000007F6 - 00000803 (0xe bytes), align: 0
  Segment part 75.            Intra module refs:   determineWaveform
    -------------------------------------------------------------------------
XDATA_I
  Relative segment, address: XDATA 00000804 - 0000080B (0x8 bytes), align: 0
  Segment part 77.            Intra module refs:   determineWaveform
    -------------------------------------------------------------------------
XDATA_I
  Relative segment, address: XDATA 0000080C - 00000813 (0x8 bytes), align: 0
  Segment part 79.            Intra module refs:   determineWaveform
    -------------------------------------------------------------------------
XDATA_I
  Relative segment, address: XDATA 00000814 - 0000081B (0x8 bytes), align: 0
  Segment part 81.            Intra module refs:   determineWaveform
    -------------------------------------------------------------------------
XDATA_I
  Relative segment, address: XDATA 0000081C - 0000082A (0xf bytes), align: 0
  Segment part 83.            Intra module refs:   determineWaveform
    -------------------------------------------------------------------------
XDATA_I
  Relative segment, address: XDATA 0000082B - 00000833 (0x9 bytes), align: 0
  Segment part 85.            Intra module refs:   determineWaveform
    -------------------------------------------------------------------------
XDATA_I
  Relative segment, address: XDATA 00000834 - 00000840 (0xd bytes), align: 0
  Segment part 87.            Intra module refs:   determineWaveform
    -------------------------------------------------------------------------
XDATA_I
  Relative segment, address: XDATA 00000841 - 0000084C (0xc bytes), align: 0
  Segment part 89.            Intra module refs:   basicRfInit
                                                   basicRfRxFrmDoneIsr
           LOCAL                   ADDRESS         
           =====                   =======         
           rxi                     00000841 
    -------------------------------------------------------------------------
XDATA_I
  Relative segment, address: XDATA 0000084D - 00000850 (0x4 bytes), align: 0
  Segment part 117.           Intra module refs:   main
           ENTRY                   ADDRESS         REF BY
           =====                   =======         ======
           __Constant_447a0000     0000084D 
    -------------------------------------------------------------------------
XDATA_I
  Relative segment, address: XDATA 00000851 - 00000854 (0x4 bytes), align: 0
  Segment part 119.           Intra module refs:   getRiseTime
           ENTRY                   ADDRESS         REF BY
           =====                   =======         ======
           __Constant_3f666666     00000851 
    -------------------------------------------------------------------------
XDATA_I
  Relative segment, address: XDATA 00000855 - 00000858 (0x4 bytes), align: 0
  Segment part 121.           Intra module refs:   getRiseTime
           ENTRY                   ADDRESS         REF BY
           =====                   =======         ======
           __Constant_3dcccccd     00000855 
    -------------------------------------------------------------------------
XDATA_I
  Relative segment, address: XDATA 00000859 - 0000085C (0x4 bytes), align: 0
  Segment part 123.           Intra module refs:   dft180
                                                   dft300
           ENTRY                   ADDRESS         REF BY
           =====                   =======         ======
           __Constant_40c90fd8     00000859 
    -------------------------------------------------------------------------
XDATA_Z
  Relative segment, address: XDATA 00000101 - 00000107 (0x7 bytes), align: 0
  Segment part 91.            Intra module refs:   basicRfInit
                                                   basicRfRxFrmDoneIsr
                                                   basicRfSendPacket
                                                   main
           LOCAL                   ADDRESS         
           =====                   =======         
           txState                 00000101 
    -------------------------------------------------------------------------
XDATA_Z
  Relative segment, address: XDATA 00000108 - 00000109 (0x2 bytes), align: 0
  Segment part 92.            Intra module refs:   ?Subroutine54
                                                   basicRfInit
                                                   basicRfSendPacket
           LOCAL                   ADDRESS         
           =====                   =======         
           pConfig                 00000108 
    -------------------------------------------------------------------------
XDATA_Z
  Relative segment, address: XDATA 0000010A - 0000017C (0x73 bytes), align: 0
  Segment part 93.            Intra module refs:   basicRfSendPacket
           LOCAL                   ADDRESS         
           =====                   =======         
           txMpdu                  0000010A 
    -------------------------------------------------------------------------
XDATA_Z
  Relative segment, address: XDATA 0000017D - 000001FC (0x80 bytes), align: 0
  Segment part 94.            Intra module refs:   basicRfRxFrmDoneIsr
           LOCAL                   ADDRESS         
           =====                   =======         
           rxMpdu                  0000017D 
    -------------------------------------------------------------------------
<BANKED_CODE> 1 (was BANKED_CODE)
  Relative segment, address: CODE 00000FB1 - 0000109B (0xeb bytes), align: 0
  Segment part 125.           Intra module refs:   basicRfRxFrmDoneIsr::?relay
           LOCAL                   ADDRESS         
           =====                   =======         
           basicRfRxFrmDoneIsr     00000FB1 
               calls direct, is indirectly called
               ISTACK = 00000000 ( 00000002 )
    -------------------------------------------------------------------------
<BANKED_CODE> 1 (was BANKED_CODE)
  Relative segment, address: CODE 0000109C - 0000111A (0x7f bytes), align: 0
  Segment part 127.           Intra module refs:   basicRfInit::?relay
           ENTRY                   ADDRESS         REF BY
           =====                   =======         ======
           basicRfInit             0000109C 
               calls direct
               XSTACK = 00000000 ( 00000009 )
    -------------------------------------------------------------------------
<BANKED_CODE> 1 (was BANKED_CODE)
  Relative segment, address: CODE 0000111B - 00001220 (0x106 bytes), align: 0
  Segment part 129.           Intra module refs:   basicRfSendPacket::?relay
           ENTRY                   ADDRESS         REF BY
           =====                   =======         ======
           basicRfSendPacket       0000111B 
               calls direct
               XSTACK = 00000000 ( 0000000B )
               ISTACK = 00000000 ( 00000001 )
    -------------------------------------------------------------------------
<BANKED_CODE> 1 (was BANKED_CODE)
  Relative segment, address: CODE 00001221 - 00001224 (0x4 bytes), align: 0
  Segment part 131.           Intra module refs:   basicRfInit
                                                   basicRfSendPacket
           LOCAL                   ADDRESS         
           =====                   =======         
           ?Subroutine25           00001221 
    -------------------------------------------------------------------------
<BANKED_CODE> 1 (was BANKED_CODE)
  Relative segment, address: CODE 00001225 - 00001227 (0x3 bytes), align: 0
  Segment part 132.           Intra module refs:   ?Subroutine17
                                                   ?Subroutine25
           LOCAL                   ADDRESS         
           =====                   =======         
           ?Subroutine54           00001225 
    -------------------------------------------------------------------------
<BANKED_CODE> 1 (was BANKED_CODE)
  Relative segment, address: CODE 00001228 - 00001230 (0x9 bytes), align: 0
  Segment part 133.           Intra module refs:   ?Subroutine54
                                                   Segment part 246
    -------------------------------------------------------------------------
SFR_AN
  Relative segment, address: DATA 00000080 - 00000080 (0x1 bytes), align: 0
  Segment part 1. ROOT.       Intra module refs:   halBoardInit
                                                   halLcdInit
                                                   halLedSet
                                                   halLedToggle
                                                   lcdControl
                                                   lcdWrite
                                                   lcdWriteMany
                                                   main
           ENTRY                   ADDRESS         REF BY
           =====                   =======         ======
           _A_P0                   00000080 
           LOCAL                   ADDRESS         
           =====                   =======         
           P0                      00000080 
    -------------------------------------------------------------------------
SFR_AN
  Relative segment, address: DATA 00000086 - 00000086 (0x1 bytes), align: 0
  Segment part 2. ROOT.       Intra module refs:   uart0RxISR
           ENTRY                   ADDRESS         REF BY
           =====                   =======         ======
           U0CSR                   00000086 
    -------------------------------------------------------------------------
SFR_AN
  Relative segment, address: DATA 00000088 - 00000088 (0x1 bytes), align: 0
  Segment part 3. ROOT.       Intra module refs:   main
                                                   uart0RxISR
           ENTRY                   ADDRESS         REF BY
           =====                   =======         ======
           _A_TCON                 00000088 
           LOCAL                   ADDRESS         
           =====                   =======         
           TCON                    00000088 
    -------------------------------------------------------------------------
SFR_AN
  Relative segment, address: DATA 00000089 - 00000089 (0x1 bytes), align: 0
  Segment part 4. ROOT.       Intra module refs:   port0_ISR
           ENTRY                   ADDRESS         REF BY
           =====                   =======         ======
           P0IFG                   00000089 
    -------------------------------------------------------------------------
SFR_AN
  Relative segment, address: DATA 0000008A - 0000008A (0x1 bytes), align: 0
  Segment part 5. ROOT.       Intra module refs:   port1_ISR
           ENTRY                   ADDRESS         REF BY
           =====                   =======         ======
           P1IFG                   0000008A 
    -------------------------------------------------------------------------
SFR_AN
  Relative segment, address: DATA 0000008B - 0000008B (0x1 bytes), align: 0
  Segment part 6. ROOT.       Intra module refs:   port2_ISR
           ENTRY                   ADDRESS         REF BY
           =====                   =======         ======
           P2IFG                   0000008B 
    -------------------------------------------------------------------------
SFR_AN
  Relative segment, address: DATA 0000008F - 0000008F (0x1 bytes), align: 0
  Segment part 7. ROOT.       Intra module refs:   halBoardInit
           ENTRY                   ADDRESS         REF BY
           =====                   =======         ======
           P0INP                   0000008F 
    -------------------------------------------------------------------------
SFR_AN
  Relative segment, address: DATA 00000090 - 00000090 (0x1 bytes), align: 0
  Segment part 8. ROOT.       Intra module refs:   halBoardInit
                                                   halLcdInit
                                                   halLedSet
                                                   halLedToggle
                                                   lcdControl
                                                   lcdWrite
                                                   lcdWriteMany
                                                   main
           ENTRY                   ADDRESS         REF BY
           =====                   =======         ======
           _A_P1                   00000090 
           LOCAL                   ADDRESS         
           =====                   =======         
           P1                      00000090 
    -------------------------------------------------------------------------
SFR_AN
  Relative segment, address: DATA 00000091 - 00000091 (0x1 bytes), align: 0
  Segment part 9. ROOT.       Intra module refs:   basicRfSendPacket
           ENTRY                   ADDRESS         REF BY
           =====                   =======         ======
           RFIRQF1                 00000091 
    -------------------------------------------------------------------------
SFR_AN
  Relative segment, address: DATA 0000009A - 0000009A (0x1 bytes), align: 0
  Segment part 10. ROOT.      Intra module refs:   halRfDisableRxInterrupt
                                                   halRfEnableRxInterrupt
                                                   uart0TxISR
           ENTRY                   ADDRESS         REF BY
           =====                   =======         ======
           IEN2                    0000009A 
    -------------------------------------------------------------------------
SFR_AN
  Relative segment, address: DATA 0000009B - 0000009B (0x1 bytes), align: 0
  Segment part 11. ROOT.      Intra module refs:   rfIsr
           ENTRY                   ADDRESS         REF BY
           =====                   =======         ======
           S1CON                   0000009B 
    -------------------------------------------------------------------------
SFR_AN
  Relative segment, address: DATA 0000009D - 0000009D (0x1 bytes), align: 0
  Segment part 12. ROOT.      Intra module refs:   clockSetMainSrc
           ENTRY                   ADDRESS         REF BY
           =====                   =======         ======
           SLEEPSTA                0000009D 
    -------------------------------------------------------------------------
SFR_AN
  Relative segment, address: DATA 0000009E - 0000009E (0x1 bytes), align: 0
  Segment part 13. ROOT.      Intra module refs:   clockSelect32k
                                                   clockSetMainSrc
                                                   halBoardInit
           ENTRY                   ADDRESS         REF BY
           =====                   =======         ======
           CLKCONSTA               0000009E 
    -------------------------------------------------------------------------
SFR_AN
  Relative segment, address: DATA 000000A8 - 000000A8 (0x1 bytes), align: 0
  Segment part 14. ROOT.      Intra module refs:   basicRfInit
                                                   basicRfRxFrmDoneIsr
                                                   halBoardInit
                                                   halIntLock
                                                   halIntUnlock
                                                   rfIsr
           ENTRY                   ADDRESS         REF BY
           =====                   =======         ======
           _A_IEN0                 000000A8 
           LOCAL                   ADDRESS         
           =====                   =======         
           IEN0                    000000A8 
    -------------------------------------------------------------------------
SFR_AN
  Relative segment, address: DATA 000000B6 - 000000B6 (0x1 bytes), align: 0
  Segment part 15. ROOT.      Intra module refs:   main
           ENTRY                   ADDRESS         REF BY
           =====                   =======         ======
           ADCCON3                 000000B6 
    -------------------------------------------------------------------------
SFR_AN
  Relative segment, address: DATA 000000BB - 000000BB (0x1 bytes), align: 0
  Segment part 16. ROOT.      Intra module refs:   main
           ENTRY                   ADDRESS         REF BY
           =====                   =======         ======
           ADCH                    000000BB 
    -------------------------------------------------------------------------
SFR_AN
  Relative segment, address: DATA 000000BE - 000000BE (0x1 bytes), align: 0
  Segment part 17. ROOT.      Intra module refs:   clockSetMainSrc
           ENTRY                   ADDRESS         REF BY
           =====                   =======         ======
           SLEEPCMD                000000BE 
    -------------------------------------------------------------------------
SFR_AN
  Relative segment, address: DATA 000000C0 - 000000C0 (0x1 bytes), align: 0
  Segment part 18. ROOT.      Intra module refs:   port0_ISR
           ENTRY                   ADDRESS         REF BY
           =====                   =======         ======
           _A_IRCON                000000C0 
           LOCAL                   ADDRESS         
           =====                   =======         
           IRCON                   000000C0 
    -------------------------------------------------------------------------
SFR_AN
  Relative segment, address: DATA 000000C1 - 000000C1 (0x1 bytes), align: 0
  Segment part 19. ROOT.      Intra module refs:   uart0RxISR
                                                   uart0TxISR
           ENTRY                   ADDRESS         REF BY
           =====                   =======         ======
           U0DBUF                  000000C1 
    -------------------------------------------------------------------------
SFR_AN
  Relative segment, address: DATA 000000C6 - 000000C6 (0x1 bytes), align: 0
  Segment part 20. ROOT.      Intra module refs:   clockSelect32k
                                                   clockSetMainSrc
           ENTRY                   ADDRESS         REF BY
           =====                   =======         ======
           CLKCONCMD               000000C6 
    -------------------------------------------------------------------------
SFR_AN
  Relative segment, address: DATA 000000D9 - 000000D9 (0x1 bytes), align: 0
  Segment part 21. ROOT.      Intra module refs:   basicRfSendPacket
                                                   halRfReadRxBuf
           ENTRY                   ADDRESS         REF BY
           =====                   =======         ======
           RFD                     000000D9 
    -------------------------------------------------------------------------
SFR_AN
  Relative segment, address: DATA 000000E1 - 000000E1 (0x1 bytes), align: 0
  Segment part 22. ROOT.      Intra module refs:   basicRfSendPacket
                                                   main
           ENTRY                   ADDRESS         REF BY
           =====                   =======         ======
           RFST                    000000E1 
    -------------------------------------------------------------------------
SFR_AN
  Relative segment, address: DATA 000000E8 - 000000E8 (0x1 bytes), align: 0
  Segment part 23. ROOT.      Intra module refs:   port1_ISR
                                                   port2_ISR
                                                   uart0TxISR
           ENTRY                   ADDRESS         REF BY
           =====                   =======         ======
           _A_IRCON2               000000E8 
           LOCAL                   ADDRESS         
           =====                   =======         
           IRCON2                  000000E8 
    -------------------------------------------------------------------------
SFR_AN
  Relative segment, address: DATA 000000E9 - 000000E9 (0x1 bytes), align: 0
  Segment part 24. ROOT.      Intra module refs:   rfIsr
           ENTRY                   ADDRESS         REF BY
           =====                   =======         ======
           RFIRQF0                 000000E9 
    -------------------------------------------------------------------------
SFR_AN
  Relative segment, address: DATA 000000F1 - 000000F1 (0x1 bytes), align: 0
  Segment part 25. ROOT.      Intra module refs:   halBoardInit
           ENTRY                   ADDRESS         REF BY
           =====                   =======         ======
           PERCFG                  000000F1 
    -------------------------------------------------------------------------
SFR_AN
  Relative segment, address: DATA 000000F2 - 000000F2 (0x1 bytes), align: 0
  Segment part 26. ROOT.      Intra module refs:   main
           ENTRY                   ADDRESS         REF BY
           =====                   =======         ======
           ADCCFG                  000000F2 
    -------------------------------------------------------------------------
SFR_AN
  Relative segment, address: DATA 000000F3 - 000000F3 (0x1 bytes), align: 0
  Segment part 27. ROOT.      Intra module refs:   halBoardInit
                                                   halLcdInit
           ENTRY                   ADDRESS         REF BY
           =====                   =======         ======
           P0SEL                   000000F3 
    -------------------------------------------------------------------------
SFR_AN
  Relative segment, address: DATA 000000F4 - 000000F4 (0x1 bytes), align: 0
  Segment part 28. ROOT.      Intra module refs:   halBoardInit
                                                   halLcdInit
           ENTRY                   ADDRESS         REF BY
           =====                   =======         ======
           P1SEL                   000000F4 
    -------------------------------------------------------------------------
SFR_AN
  Relative segment, address: DATA 000000F5 - 000000F5 (0x1 bytes), align: 0
  Segment part 29. ROOT.      Intra module refs:   halBoardInit
           ENTRY                   ADDRESS         REF BY
           =====                   =======         ======
           P2SEL                   000000F5 
    -------------------------------------------------------------------------
SFR_AN
  Relative segment, address: DATA 000000F7 - 000000F7 (0x1 bytes), align: 0
  Segment part 30. ROOT.      Intra module refs:   halBoardInit
           ENTRY                   ADDRESS         REF BY
           =====                   =======         ======
           P2INP                   000000F7 
    -------------------------------------------------------------------------
SFR_AN
  Relative segment, address: DATA 000000F8 - 000000F8 (0x1 bytes), align: 0
  Segment part 31. ROOT.      Intra module refs:   halBoardInit
                                                   lcdControl
                                                   lcdWrite
                                                   lcdWriteMany
           ENTRY                   ADDRESS         REF BY
           =====                   =======         ======
           _A_U1CSR                000000F8 
           LOCAL                   ADDRESS         
           =====                   =======         
           U1CSR                   000000F8 
    -------------------------------------------------------------------------
SFR_AN
  Relative segment, address: DATA 000000F9 - 000000F9 (0x1 bytes), align: 0
  Segment part 32. ROOT.      Intra module refs:   lcdControl
                                                   lcdWrite
                                                   lcdWriteMany
           ENTRY                   ADDRESS         REF BY
           =====                   =======         ======
           U1DBUF                  000000F9 
    -------------------------------------------------------------------------
SFR_AN
  Relative segment, address: DATA 000000FA - 000000FA (0x1 bytes), align: 0
  Segment part 33. ROOT.      Intra module refs:   halBoardInit
           ENTRY                   ADDRESS         REF BY
           =====                   =======         ======
           U1BAUD                  000000FA 
    -------------------------------------------------------------------------
SFR_AN
  Relative segment, address: DATA 000000FB - 000000FB (0x1 bytes), align: 0
  Segment part 34. ROOT.      Intra module refs:   halBoardInit
           ENTRY                   ADDRESS         REF BY
           =====                   =======         ======
           U1UCR                   000000FB 
    -------------------------------------------------------------------------
SFR_AN
  Relative segment, address: DATA 000000FC - 000000FC (0x1 bytes), align: 0
  Segment part 35. ROOT.      Intra module refs:   halBoardInit
           ENTRY                   ADDRESS         REF BY
           =====                   =======         ======
           U1GCR                   000000FC 
    -------------------------------------------------------------------------
SFR_AN
  Relative segment, address: DATA 000000FD - 000000FD (0x1 bytes), align: 0
  Segment part 36. ROOT.      Intra module refs:   halBoardInit
                                                   halLcdInit
           ENTRY                   ADDRESS         REF BY
           =====                   =======         ======
           P0DIR                   000000FD 
    -------------------------------------------------------------------------
SFR_AN
  Relative segment, address: DATA 000000FE - 000000FE (0x1 bytes), align: 0
  Segment part 37. ROOT.      Intra module refs:   halBoardInit
                                                   halLcdInit
           ENTRY                   ADDRESS         REF BY
           =====                   =======         ======
           P1DIR                   000000FE 
    -------------------------------------------------------------------------
SFR_AN
  Relative segment, address: DATA 000000FF - 000000FF (0x1 bytes), align: 0
  Segment part 38. ROOT.      Intra module refs:   halBoardInit
           ENTRY                   ADDRESS         REF BY
           =====                   =======         ======
           P2DIR                   000000FF 
    -------------------------------------------------------------------------
XDATA_Z
  Relative segment, address: XDATA 000001FD - 000001FE (0x2 bytes), align: 0
  Segment part 95.            Intra module refs:   basicRfInit
                                                   rfIsr
           LOCAL                   ADDRESS         
           =====                   =======         
           pfISR                   000001FD 
    -------------------------------------------------------------------------
NEAR_CODE
  Relative segment, address: CODE 00000DD8 - 00000E08 (0x31 bytes), align: 0
  Segment part 276.           Intra module refs:   rfIsr::??INTVEC 131
           ENTRY                   ADDRESS         REF BY
           =====                   =======         ======
           rfIsr                   00000DD8 
               interrupt function
               XSTACK = 00000000 ( 0000000E )
    -------------------------------------------------------------------------
XDATA_Z
  Relative segment, address: XDATA 000001FF - 00000200 (0x2 bytes), align: 0
  Segment part 96.            Intra module refs:   T1_ISR
           LOCAL                   ADDRESS         
           =====                   =======         
           fptr                    000001FF 
    -------------------------------------------------------------------------
XDATA_Z
  Relative segment, address: XDATA 00000201 - 00000210 (0x10 bytes), align: 0
  Segment part 97.            Intra module refs:   ?Subroutine49
                                                   halLcdWriteLine
           LOCAL                   ADDRESS         
           =====                   =======         
           pLcdLineBuffer          00000201 
    -------------------------------------------------------------------------
XDATA_Z
  Relative segment, address: XDATA 00000211 - 00000220 (0x10 bytes), align: 0
  Segment part 98.            Intra module refs:   port0_ISR
           LOCAL                   ADDRESS         
           =====                   =======         
           port0_isr_tbl           00000211 
    -------------------------------------------------------------------------
XDATA_Z
  Relative segment, address: XDATA 00000221 - 00000230 (0x10 bytes), align: 0
  Segment part 99.            Intra module refs:   port1_ISR
           LOCAL                   ADDRESS         
           =====                   =======         
           port1_isr_tbl           00000221 
    -------------------------------------------------------------------------
XDATA_Z
  Relative segment, address: XDATA 00000231 - 0000023A (0xa bytes), align: 0
  Segment part 100.           Intra module refs:   port2_ISR
           LOCAL                   ADDRESS         
           =====                   =======         
           port2_isr_tbl           00000231 
    -------------------------------------------------------------------------
XDATA_Z
  Relative segment, address: XDATA 0000023B - 0000023B (0x1 bytes), align: 0
  Segment part 101.           Intra module refs:   halLedSet
                                                   halLedToggle
           ENTRY                   ADDRESS         REF BY
           =====                   =======         ======
           led4State               0000023B 
    -------------------------------------------------------------------------
XDATA_Z
  Relative segment, address: XDATA 0000023C - 0000023C (0x1 bytes), align: 0
  Segment part 102.           Intra module refs:   main
           LOCAL                   ADDRESS         
           =====                   =======         
           adcBuffer               0000023C 
    -------------------------------------------------------------------------
XDATA_Z
  Relative segment, address: XDATA 0000023D - 0000063C (0x400 bytes), align: 0
  Segment part 103.           Intra module refs:   ?Subroutine22
                                                   ?Subroutine33
                                                   ?Subroutine52
                                                   main
           ENTRY                   ADDRESS         REF BY
           =====                   =======         ======
           input_buffer            0000023D 
    -------------------------------------------------------------------------
XDATA_Z
  Relative segment, address: XDATA 0000063D - 0000063E (0x2 bytes), align: 0
  Segment part 104.           Intra module refs:   main
           ENTRY                   ADDRESS         REF BY
           =====                   =======         ======
           maximum_voltage         0000063D 
    -------------------------------------------------------------------------
XDATA_Z
  Relative segment, address: XDATA 0000063F - 00000640 (0x2 bytes), align: 0
  Segment part 105.           Intra module refs:   main
           ENTRY                   ADDRESS         REF BY
           =====                   =======         ======
           minimum_voltage         0000063F 
    -------------------------------------------------------------------------
XDATA_Z
  Relative segment, address: XDATA 00000641 - 00000642 (0x2 bytes), align: 0
  Segment part 106.           Intra module refs:   main
           ENTRY                   ADDRESS         REF BY
           =====                   =======         ======
           peak_to_peak            00000641 
    -------------------------------------------------------------------------
XDATA_Z
  Relative segment, address: XDATA 00000643 - 00000644 (0x2 bytes), align: 0
  Segment part 107.           Intra module refs:   main
           ENTRY                   ADDRESS         REF BY
           =====                   =======         ======
           rise                    00000643 
    -------------------------------------------------------------------------
XDATA_Z
  Relative segment, address: XDATA 00000645 - 00000646 (0x2 bytes), align: 0
  Segment part 108.           Intra module refs:   main
           ENTRY                   ADDRESS         REF BY
           =====                   =======         ======
           FFT_180                 00000645 
    -------------------------------------------------------------------------
XDATA_Z
  Relative segment, address: XDATA 00000647 - 00000648 (0x2 bytes), align: 0
  Segment part 109.           Intra module refs:   main
           ENTRY                   ADDRESS         REF BY
           =====                   =======         ======
           FFT_300                 00000647 
    -------------------------------------------------------------------------
XDATA_Z
  Relative segment, address: XDATA 00000649 - 00000649 (0x1 bytes), align: 0
  Segment part 110.           Intra module refs:   determineWaveform
                                                   main
           ENTRY                   ADDRESS         REF BY
           =====                   =======         ======
           waveform_number         00000649 
    -------------------------------------------------------------------------
XDATA_Z
  Relative segment, address: XDATA 0000064A - 000006E9 (0xa0 bytes), align: 0
  Segment part 111.           Intra module refs:   ?Subroutine19
                                                   ?Subroutine45
                                                   initializeDatabase
           ENTRY                   ADDRESS         REF BY
           =====                   =======         ======
           intervals               0000064A 
    -------------------------------------------------------------------------
XDATA_Z
  Relative segment, address: XDATA 000006EA - 000006F1 (0x8 bytes), align: 0
  Segment part 112.           Intra module refs:   main
           ENTRY                   ADDRESS         REF BY
           =====                   =======         ======
           arrayOfParameters       000006EA 
    -------------------------------------------------------------------------
XDATA_Z
  Relative segment, address: XDATA 000006F2 - 000006F2 (0x1 bytes), align: 0
  Segment part 113.           Intra module refs:   main
           LOCAL                   ADDRESS         
           =====                   =======         
           pTxData                 000006F2 
    -------------------------------------------------------------------------
XDATA_Z
  Relative segment, address: XDATA 000006F3 - 000006F8 (0x6 bytes), align: 0
  Segment part 114.           Intra module refs:   main
           LOCAL                   ADDRESS         
           =====                   =======         
           basicRfConfig           000006F3 
    -------------------------------------------------------------------------
<BANKED_CODE> 1 (was BANKED_CODE)
  Relative segment, address: CODE 00001231 - 0000123A (0xa bytes), align: 0
  Segment part 134.           Intra module refs:   determineWaveform
           LOCAL                   ADDRESS         
           =====                   =======         
           ?Subroutine19           00001231 
    -------------------------------------------------------------------------
<BANKED_CODE> 1 (was BANKED_CODE)
  Relative segment, address: CODE 0000123B - 0000123C (0x2 bytes), align: 0
  Segment part 135.           Intra module refs:   ?Subroutine19
                                                   determineWaveform
    -------------------------------------------------------------------------
<BANKED_CODE> 1 (was BANKED_CODE)
  Relative segment, address: CODE 0000123D - 00001240 (0x4 bytes), align: 0
  Segment part 136.           Intra module refs:   Segment part 135
                                                   basicRfInit
                                                   basicRfRxFrmDoneIsr
                                                   basicRfSendPacket
                                                   main
    -------------------------------------------------------------------------
<BANKED_CODE> 1 (was BANKED_CODE)
  Relative segment, address: CODE 00001241 - 0000124B (0xb bytes), align: 0
  Segment part 137.           Intra module refs:   basicRfInit
                                                   basicRfSendPacket
           LOCAL                   ADDRESS         
           =====                   =======         
           ?Subroutine18           00001241 
    -------------------------------------------------------------------------
<BANKED_CODE> 1 (was BANKED_CODE)
  Relative segment, address: CODE 0000124C - 00001251 (0x6 bytes), align: 0
  Segment part 138.           Intra module refs:   ?Subroutine11
                                                   ?Subroutine13
                                                   ?Subroutine16
                                                   ?Subroutine18
                                                   Segment part 136
           LOCAL                   ADDRESS         
           =====                   =======         
           ?Subroutine55           0000124C 
    -------------------------------------------------------------------------
<BANKED_CODE> 1 (was BANKED_CODE)
  Relative segment, address: CODE 00001252 - 0000125B (0xa bytes), align: 0
  Segment part 139.           Intra module refs:   basicRfSendPacket
           LOCAL                   ADDRESS         
           =====                   =======         
           ?Subroutine17           00001252 
    -------------------------------------------------------------------------
<BANKED_CODE> 1 (was BANKED_CODE)
  Relative segment, address: CODE 0000125C - 00001269 (0xe bytes), align: 0
  Segment part 140.           Intra module refs:   halIntLock::?relay
           ENTRY                   ADDRESS         REF BY
           =====                   =======         ======
           halIntLock              0000125C 
               XSTACK = 0000000E ( 00000000 )
    -------------------------------------------------------------------------
<BANKED_CODE> 1 (was BANKED_CODE)
  Relative segment, address: CODE 0000126A - 00001271 (0x8 bytes), align: 0
  Segment part 142.           Intra module refs:   halIntUnlock::?relay
           ENTRY                   ADDRESS         REF BY
           =====                   =======         ======
           halIntUnlock            0000126A 
               XSTACK = 0000000E ( 00000000 )
    -------------------------------------------------------------------------
<BANKED_CODE> 1 (was BANKED_CODE)
  Relative segment, address: CODE 00001272 - 000012A5 (0x34 bytes), align: 0
  Segment part 144.           Intra module refs:   clockSetMainSrc::?relay
           ENTRY                   ADDRESS         REF BY
           =====                   =======         ======
           clockSetMainSrc         00001272 
    -------------------------------------------------------------------------
<BANKED_CODE> 1 (was BANKED_CODE)
  Relative segment, address: CODE 000012A6 - 000012CE (0x29 bytes), align: 0
  Segment part 146.           Intra module refs:   clockSelect32k::?relay
           ENTRY                   ADDRESS         REF BY
           =====                   =======         ======
           clockSelect32k          000012A6 
    -------------------------------------------------------------------------
<BANKED_CODE> 1 (was BANKED_CODE)
  Relative segment, address: CODE 000012CF - 000012FB (0x2d bytes), align: 0
  Segment part 148.           Intra module refs:   halMcuWaitUs::?relay
           ENTRY                   ADDRESS         REF BY
           =====                   =======         ======
           halMcuWaitUs            000012CF 
               XSTACK = 0000000B ( 00000000 )
    -------------------------------------------------------------------------
<BANKED_CODE> 1 (was BANKED_CODE)
  Relative segment, address: CODE 000012FC - 00001322 (0x27 bytes), align: 0
  Segment part 150.           Intra module refs:   halMcuWaitMs::?relay
           ENTRY                   ADDRESS         REF BY
           =====                   =======         ======
           halMcuWaitMs            000012FC 
               calls direct
               XSTACK = 00000009 ( 00000009 )
    -------------------------------------------------------------------------
<BANKED_CODE> 1 (was BANKED_CODE)
  Relative segment, address: CODE 00001323 - 00001346 (0x24 bytes), align: 0
  Segment part 152.           Intra module refs:   halRfInit::?relay
           ENTRY                   ADDRESS         REF BY
           =====                   =======         ======
           halRfInit               00001323 
               calls direct
               XSTACK = 00000009 ( 00000000 )
               ISTACK = 00000000 ( 00000002 )
    -------------------------------------------------------------------------
<BANKED_CODE> 1 (was BANKED_CODE)
  Relative segment, address: CODE 00001347 - 0000135E (0x18 bytes), align: 0
  Segment part 154.           Intra module refs:   halRfReadRxBuf::?relay
           ENTRY                   ADDRESS         REF BY
           =====                   =======         ======
           halRfReadRxBuf          00001347 
               ISTACK = 00000000 ( 00000003 )
    -------------------------------------------------------------------------
<BANKED_CODE> 1 (was BANKED_CODE)
  Relative segment, address: CODE 0000135F - 0000136E (0x10 bytes), align: 0
  Segment part 156.           Intra module refs:   halRfDisableRxInterrupt::?relay
           ENTRY                   ADDRESS         REF BY
           =====                   =======         ======
           halRfDisableRxInterrupt
                                   0000135F 
               XSTACK = 0000000B ( 00000000 )
               ISTACK = 00000000 ( 00000002 )
    -------------------------------------------------------------------------
<BANKED_CODE> 1 (was BANKED_CODE)
  Relative segment, address: CODE 0000136F - 0000137E (0x10 bytes), align: 0
  Segment part 158.           Intra module refs:   halRfEnableRxInterrupt::?relay
           ENTRY                   ADDRESS         REF BY
           =====                   =======         ======
           halRfEnableRxInterrupt
                                   0000136F 
               XSTACK = 0000000B ( 00000000 )
               ISTACK = 00000000 ( 00000002 )
    -------------------------------------------------------------------------
<BANKED_CODE> 1 (was BANKED_CODE)
  Relative segment, address: CODE 0000137F - 0000138E (0x10 bytes), align: 0
  Segment part 160.           Intra module refs:   lcdControl::?relay
           LOCAL                   ADDRESS         
           =====                   =======         
           lcdControl              0000137F 
               XSTACK = 00000009 ( 00000000 )
    -------------------------------------------------------------------------
<BANKED_CODE> 1 (was BANKED_CODE)
  Relative segment, address: CODE 0000138F - 00001393 (0x5 bytes), align: 0
  Segment part 162.           Intra module refs:   lcdControl
                                                   lcdWrite
           LOCAL                   ADDRESS         
           =====                   =======         
           ?Subroutine1            0000138F 
    -------------------------------------------------------------------------
<BANKED_CODE> 1 (was BANKED_CODE)
  Relative segment, address: CODE 00001394 - 000013A5 (0x12 bytes), align: 0
  Segment part 163.           Intra module refs:   lcdWrite::?relay
           LOCAL                   ADDRESS         
           =====                   =======         
           lcdWrite                00001394 
               XSTACK = 00000009 ( 00000000 )
    -------------------------------------------------------------------------
<BANKED_CODE> 1 (was BANKED_CODE)
  Relative segment, address: CODE 000013A6 - 000013D7 (0x32 bytes), align: 0
  Segment part 165.           Intra module refs:   lcdWriteMany::?relay
           LOCAL                   ADDRESS         
           =====                   =======         
           lcdWriteMany            000013A6 
               XSTACK = 00000009 ( 00000000 )
               ISTACK = 00000000 ( 00000002 )
    -------------------------------------------------------------------------
<BANKED_CODE> 1 (was BANKED_CODE)
  Relative segment, address: CODE 000013D8 - 000013DE (0x7 bytes), align: 0
  Segment part 167.           Intra module refs:   basicRfRxFrmDoneIsr
                                                   halBoardInit
                                                   halLedSet
                                                   halLedToggle
                                                   halRfDisableRxInterrupt
                                                   halRfEnableRxInterrupt
                                                   halRfInit
                                                   halRfReadRxBuf
                                                   initializeDatabase
                                                   lcdWriteMany
           LOCAL                   ADDRESS         
           =====                   =======         
           ?Subroutine0            000013D8 
    -------------------------------------------------------------------------
<BANKED_CODE> 1 (was BANKED_CODE)
  Relative segment, address: CODE 000013DF - 00001403 (0x25 bytes), align: 0
  Segment part 168.           Intra module refs:   lcdWriteLine::?relay
           LOCAL                   ADDRESS         
           =====                   =======         
           lcdWriteLine            000013DF 
               calls direct
               XSTACK = 0000000A ( 00000009 )
    -------------------------------------------------------------------------
<BANKED_CODE> 1 (was BANKED_CODE)
  Relative segment, address: CODE 00001404 - 00001455 (0x52 bytes), align: 0
  Segment part 170.           Intra module refs:   halLcdInit::?relay
           ENTRY                   ADDRESS         REF BY
           =====                   =======         ======
           halLcdInit              00001404 
               calls direct
               XSTACK = 00000000 ( 00000009 )
    -------------------------------------------------------------------------
<BANKED_CODE> 1 (was BANKED_CODE)
  Relative segment, address: CODE 00001456 - 0000145A (0x5 bytes), align: 0
  Segment part 172.           Intra module refs:   basicRfInit
                                                   halLcdClear
                                                   halLcdInit
                                                   halLcdWriteLines
                                                   lcdWriteLine
           LOCAL                   ADDRESS         
           =====                   =======         
           ?Subroutine2            00001456 
    -------------------------------------------------------------------------
<BANKED_CODE> 1 (was BANKED_CODE)
  Relative segment, address: CODE 0000145B - 00001471 (0x17 bytes), align: 0
  Segment part 173.           Intra module refs:   halLcdClear::?relay
           ENTRY                   ADDRESS         REF BY
           =====                   =======         ======
           halLcdClear             0000145B 
               calls direct
               XSTACK = 00000009 ( 00000009 )
    -------------------------------------------------------------------------
<BANKED_CODE> 1 (was BANKED_CODE)
  Relative segment, address: CODE 00001472 - 000014AF (0x3e bytes), align: 0
  Segment part 175.           Intra module refs:   halLcdWriteLine::?relay
           ENTRY                   ADDRESS         REF BY
           =====                   =======         ======
           halLcdWriteLine         00001472 
               calls direct
               XSTACK = 00000009 ( 0000000A )
               ISTACK = 00000000 ( 00000001 )
    -------------------------------------------------------------------------
<BANKED_CODE> 1 (was BANKED_CODE)
  Relative segment, address: CODE 000014B0 - 000014BD (0xe bytes), align: 0
  Segment part 177.           Intra module refs:   halLcdWriteLine
           LOCAL                   ADDRESS         
           =====                   =======         
           ?Subroutine49           000014B0 
    -------------------------------------------------------------------------
<BANKED_CODE> 1 (was BANKED_CODE)
  Relative segment, address: CODE 000014BE - 000014F2 (0x35 bytes), align: 0
  Segment part 178.           Intra module refs:   halLcdWriteLines::?relay
           ENTRY                   ADDRESS         REF BY
           =====                   =======         ======
           halLcdWriteLines        000014BE 
               calls direct
               XSTACK = 00000016 ( 00000009 )
    -------------------------------------------------------------------------
<BANKED_CODE> 1 (was BANKED_CODE)
  Relative segment, address: CODE 000014F3 - 00001513 (0x21 bytes), align: 0
  Segment part 180.           Intra module refs:   halAssertHandler::?relay
           ENTRY                   ADDRESS         REF BY
           =====                   =======         ======
           halAssertHandler        000014F3 
               calls direct
               ISTACK = 00000000 ( 00000002 )
    -------------------------------------------------------------------------
<BANKED_CODE> 1 (was BANKED_CODE)
  Relative segment, address: CODE 00001514 - 00001586 (0x73 bytes), align: 0
  Segment part 182.           Intra module refs:   halBoardInit::?relay
           ENTRY                   ADDRESS         REF BY
           =====                   =======         ======
           halBoardInit            00001514 
               calls direct
               ISTACK = 00000000 ( 00000002 )
    -------------------------------------------------------------------------
<BANKED_CODE> 1 (was BANKED_CODE)
  Relative segment, address: CODE 00001587 - 000015B0 (0x2a bytes), align: 0
  Segment part 184.           Intra module refs:   halLedSet::?relay
           ENTRY                   ADDRESS         REF BY
           =====                   =======         ======
           halLedSet               00001587 
               ISTACK = 00000000 ( 00000002 )
    -------------------------------------------------------------------------
<BANKED_CODE> 1 (was BANKED_CODE)
  Relative segment, address: CODE 000015B1 - 000015DF (0x2f bytes), align: 0
  Segment part 186.           Intra module refs:   halLedToggle::?relay
           ENTRY                   ADDRESS         REF BY
           =====                   =======         ======
           halLedToggle            000015B1 
               ISTACK = 00000000 ( 00000002 )
    -------------------------------------------------------------------------
<BANKED_CODE> 1 (was BANKED_CODE)
  Relative segment, address: CODE 000015E0 - 00001638 (0x59 bytes), align: 0
  Segment part 188.           Intra module refs:   bufPut::?relay
           ENTRY                   ADDRESS         REF BY
           =====                   =======         ======
           bufPut                  000015E0 
               calls direct
               XSTACK = 0000000F ( 0000000E )
               ISTACK = 00000000 ( 00000001 )
    -------------------------------------------------------------------------
<BANKED_CODE> 1 (was BANKED_CODE)
  Relative segment, address: CODE 00001639 - 00001642 (0xa bytes), align: 0
  Segment part 190.           Intra module refs:   bufGet
                                                   bufPut
           LOCAL                   ADDRESS         
           =====                   =======         
           ?Subroutine3            00001639 
    -------------------------------------------------------------------------
<BANKED_CODE> 1 (was BANKED_CODE)
  Relative segment, address: CODE 00001643 - 00001690 (0x4e bytes), align: 0
  Segment part 191.           Intra module refs:   bufGet::?relay
           ENTRY                   ADDRESS         REF BY
           =====                   =======         ======
           bufGet                  00001643 
               calls direct
               XSTACK = 0000000F ( 0000000E )
               ISTACK = 00000000 ( 00000001 )
    -------------------------------------------------------------------------
<BANKED_CODE> 1 (was BANKED_CODE)
  Relative segment, address: CODE 00001691 - 00001691 (0x1 bytes), align: 0
  Segment part 193.           Intra module refs:   bufGet
                                                   bufPut
           LOCAL                   ADDRESS         
           =====                   =======         
           ?Subroutine46           00001691 
    -------------------------------------------------------------------------
<BANKED_CODE> 1 (was BANKED_CODE)
  Relative segment, address: CODE 00001692 - 00001698 (0x7 bytes), align: 0
  Segment part 194.           Intra module refs:   ?Subroutine46
                                                   bufPut
    -------------------------------------------------------------------------
<BANKED_CODE> 1 (was BANKED_CODE)
  Relative segment, address: CODE 00001699 - 000016A7 (0xf bytes), align: 0
  Segment part 195.           Intra module refs:   bufGet
                                                   bufPut
           LOCAL                   ADDRESS         
           =====                   =======         
           ?Subroutine44           00001699 
    -------------------------------------------------------------------------
<BANKED_CODE> 1 (was BANKED_CODE)
  Relative segment, address: CODE 000016A8 - 000016B3 (0xc bytes), align: 0
  Segment part 196.           Intra module refs:   bufGet
                                                   bufPut
           LOCAL                   ADDRESS         
           =====                   =======         
           ?Subroutine37           000016A8 
    -------------------------------------------------------------------------
<BANKED_CODE> 1 (was BANKED_CODE)
  Relative segment, address: CODE 000016B4 - 000016BF (0xc bytes), align: 0
  Segment part 197.           Intra module refs:   bufGet
                                                   bufPut
           LOCAL                   ADDRESS         
           =====                   =======         
           ?Subroutine20           000016B4 
    -------------------------------------------------------------------------
<BANKED_CODE> 1 (was BANKED_CODE)
  Relative segment, address: CODE 000016C0 - 000016C2 (0x3 bytes), align: 0
  Segment part 198.           Intra module refs:   ?Subroutine20
                                                   Segment part 194
           LOCAL                   ADDRESS         
           =====                   =======         
           ?Subroutine62           000016C0 
    -------------------------------------------------------------------------
<BANKED_CODE> 1 (was BANKED_CODE)
  Relative segment, address: CODE 000016C3 - 000016C7 (0x5 bytes), align: 0
  Segment part 199.           Intra module refs:   ?Subroutine44
                                                   ?Subroutine49
                                                   ?Subroutine62
                                                   basicRfSendPacket
    -------------------------------------------------------------------------
<BANKED_CODE> 1 (was BANKED_CODE)
  Relative segment, address: CODE 000016C8 - 00001973 (0x2ac bytes), align: 0
  Segment part 200.
           ENTRY                   ADDRESS         REF BY
           =====                   =======         ======
           main                    000016C8        ?call_main (?cmain)
               calls direct
               XSTACK = 00000000 ( 00000002 )
               ISTACK = 00000000 ( 00000002 )
    -------------------------------------------------------------------------
<BANKED_CODE> 1 (was BANKED_CODE)
  Relative segment, address: CODE 00001974 - 00001989 (0x16 bytes), align: 0
  Segment part 202.           Intra module refs:   main
           LOCAL                   ADDRESS         
           =====                   =======         
           ?Subroutine52           00001974 
    -------------------------------------------------------------------------
<BANKED_CODE> 1 (was BANKED_CODE)
  Relative segment, address: CODE 0000198A - 0000198F (0x6 bytes), align: 0
  Segment part 203.           Intra module refs:   main
           LOCAL                   ADDRESS         
           =====                   =======         
           ?Subroutine51           0000198A 
    -------------------------------------------------------------------------
<BANKED_CODE> 1 (was BANKED_CODE)
  Relative segment, address: CODE 00001990 - 00001999 (0xa bytes), align: 0
  Segment part 204.           Intra module refs:   ?Subroutine51
                                                   main
           LOCAL                   ADDRESS         
           =====                   =======         
           ?Subroutine68           00001990 
    -------------------------------------------------------------------------
<BANKED_CODE> 1 (was BANKED_CODE)
  Relative segment, address: CODE 0000199A - 000019A6 (0xd bytes), align: 0
  Segment part 205.           Intra module refs:   main
           LOCAL                   ADDRESS         
           =====                   =======         
           ?Subroutine48           0000199A 
    -------------------------------------------------------------------------
<BANKED_CODE> 1 (was BANKED_CODE)
  Relative segment, address: CODE 000019A7 - 000019AC (0x6 bytes), align: 0
  Segment part 206.           Intra module refs:   basicRfRxFrmDoneIsr
                                                   basicRfSendPacket
[...]
               XSTACK = 00000002 ( 00000014 )
    -------------------------------------------------------------------------
XDATA_I
  Relative segment, address: XDATA 0000085D - 00000860 (0x4 bytes), align: 0
  Segment part 6.             Intra module refs:   modf
           ENTRY                   ADDRESS         REF BY
           =====                   =======         ======
           __Constant_4b189680     0000085D 
    -------------------------------------------------------------------------
XDATA_ID
  Relative segment, address: CODE 000001F2 - 000001F5 (0x4 bytes), align: 0
  Segment part 7.             Intra module refs:   __Constant_4b189680
    -------------------------------------------------------------------------
BANK_RELAYS
  Relative segment, address: CODE 000002FA - 000002FF (0x6 bytes), align: 0
  Segment part 9.
           ENTRY                   ADDRESS         REF BY
           =====                   =======         ======
           modf::?relay            000002FA        __sinus (?sinus)

    -------------------------------------------------------------------------
  LIBRARY MODULE, NAME : ?sin

  SEGMENTS IN THE MODULE
  ======================
<BANKED_CODE> 1 (was BANKED_CODE)
  Relative segment, address: CODE 0000301B - 00003029 (0xf bytes), align: 0
  Segment part 6.             Intra module refs:   sin::?relay
           ENTRY                   ADDRESS         REF BY
           =====                   =======         ======
           sin                     0000301B 
               calls direct
               XSTACK = 00000000 ( 0000000C )
    -------------------------------------------------------------------------
BANK_RELAYS
  Relative segment, address: CODE 00000300 - 00000305 (0x6 bytes), align: 0
  Segment part 7.
           ENTRY                   ADDRESS         REF BY
           =====                   =======         ======
           sin::?relay             00000300        dft180 (basic_rf)
                                                   dft300 (basic_rf)

    -------------------------------------------------------------------------
  LIBRARY MODULE, NAME : ?sinus

  SEGMENTS IN THE MODULE
  ======================
<BANKED_CODE> 1 (was BANKED_CODE)
  Relative segment, address: CODE 00002ADE - 00002D7A (0x29d bytes), align: 0
  Segment part 26.            Intra module refs:   __sinus::?relay
           ENTRY                   ADDRESS         REF BY
           =====                   =======         ======
           __sinus                 00002ADE 
               calls direct
               XSTACK = 00000000 ( 0000001F )
               ISTACK = 00000000 ( 00000004 )
    -------------------------------------------------------------------------
XDATA_I
  Relative segment, address: XDATA 00000861 - 00000864 (0x4 bytes), align: 0
  Segment part 6.             Intra module refs:   __sinus
                                                   frexp (?frexp)
                                                   sqrt (?sqrt)
           ENTRY                   ADDRESS         REF BY
           =====                   =======         ======
           __Constant_0            00000861 
    -------------------------------------------------------------------------
XDATA_ID
  Relative segment, address: CODE 000001F6 - 000001F9 (0x4 bytes), align: 0
  Segment part 7.             Intra module refs:   __Constant_0
    -------------------------------------------------------------------------
XDATA_I
  Relative segment, address: XDATA 00000865 - 00000868 (0x4 bytes), align: 0
  Segment part 8.             Intra module refs:   __sinus
           ENTRY                   ADDRESS         REF BY
           =====                   =======         ======
           __Constant_3f22f983     00000865 
    -------------------------------------------------------------------------
XDATA_ID
  Relative segment, address: CODE 000001FA - 000001FD (0x4 bytes), align: 0
  Segment part 9.             Intra module refs:   __Constant_3f22f983
    -------------------------------------------------------------------------
XDATA_I
  Relative segment, address: XDATA 00000869 - 0000086C (0x4 bytes), align: 0
  Segment part 10.            Intra module refs:   __sinus
           ENTRY                   ADDRESS         REF BY
           =====                   =======         ======
           __Constant_477ffc01     00000869 
    -------------------------------------------------------------------------
XDATA_ID
  Relative segment, address: CODE 000001FE - 00000201 (0x4 bytes), align: 0
  Segment part 11.            Intra module refs:   __Constant_477ffc01
    -------------------------------------------------------------------------
XDATA_I
  Relative segment, address: XDATA 0000086D - 00000870 (0x4 bytes), align: 0
  Segment part 12.            Intra module refs:   __sinus
                                                   sqrt (?sqrt)
           ENTRY                   ADDRESS         REF BY
           =====                   =======         ======
           __Constant_3e800000     0000086D 
    -------------------------------------------------------------------------
XDATA_ID
  Relative segment, address: CODE 00000202 - 00000205 (0x4 bytes), align: 0
  Segment part 13.            Intra module refs:   __Constant_3e800000
    -------------------------------------------------------------------------
XDATA_I
  Relative segment, address: XDATA 00000871 - 00000874 (0x4 bytes), align: 0
  Segment part 14.            Intra module refs:   __sinus
           ENTRY                   ADDRESS         REF BY
           =====                   =======         ======
           __Constant_40800000     00000871 
    -------------------------------------------------------------------------
XDATA_ID
  Relative segment, address: CODE 00000206 - 00000209 (0x4 bytes), align: 0
  Segment part 15.            Intra module refs:   __Constant_40800000
    -------------------------------------------------------------------------
XDATA_I
  Relative segment, address: XDATA 00000875 - 00000878 (0x4 bytes), align: 0
  Segment part 16.            Intra module refs:   __sinus
           ENTRY                   ADDRESS         REF BY
           =====                   =======         ======
           __Constant_391ed7fb     00000875 
    -------------------------------------------------------------------------
XDATA_ID
  Relative segment, address: CODE 0000020A - 0000020D (0x4 bytes), align: 0
  Segment part 17.            Intra module refs:   __Constant_391ed7fb
    -------------------------------------------------------------------------
XDATA_I
  Relative segment, address: XDATA 00000879 - 0000087C (0x4 bytes), align: 0
  Segment part 18.            Intra module refs:   __sinus
           ENTRY                   ADDRESS         REF BY
           =====                   =======         ======
           __Constant_bb992665     00000879 
    -------------------------------------------------------------------------
XDATA_ID
  Relative segment, address: CODE 0000020E - 00000211 (0x4 bytes), align: 0
  Segment part 19.            Intra module refs:   __Constant_bb992665
    -------------------------------------------------------------------------
XDATA_I
  Relative segment, address: XDATA 0000087D - 00000880 (0x4 bytes), align: 0
  Segment part 20.            Intra module refs:   __sinus
           ENTRY                   ADDRESS         REF BY
           =====                   =======         ======
           __Constant_3da33458     0000087D 
    -------------------------------------------------------------------------
XDATA_ID
  Relative segment, address: CODE 00000212 - 00000215 (0x4 bytes), align: 0
  Segment part 21.            Intra module refs:   __Constant_3da33458
    -------------------------------------------------------------------------
XDATA_I
  Relative segment, address: XDATA 00000881 - 00000884 (0x4 bytes), align: 0
  Segment part 22.            Intra module refs:   __sinus
           ENTRY                   ADDRESS         REF BY
           =====                   =======         ======
           __Constant_bf255de1     00000881 
    -------------------------------------------------------------------------
XDATA_ID
  Relative segment, address: CODE 00000216 - 00000219 (0x4 bytes), align: 0
  Segment part 23.            Intra module refs:   __Constant_bf255de1
    -------------------------------------------------------------------------
XDATA_I
  Relative segment, address: XDATA 00000885 - 00000888 (0x4 bytes), align: 0
  Segment part 24.            Intra module refs:   __sinus
           ENTRY                   ADDRESS         REF BY
           =====                   =======         ======
           __Constant_3fc90fdb     00000885 
    -------------------------------------------------------------------------
XDATA_ID
  Relative segment, address: CODE 0000021A - 0000021D (0x4 bytes), align: 0
  Segment part 25.            Intra module refs:   __Constant_3fc90fdb
    -------------------------------------------------------------------------
BANK_RELAYS
  Relative segment, address: CODE 00000306 - 0000030B (0x6 bytes), align: 0
  Segment part 27.
           ENTRY                   ADDRESS         REF BY
           =====                   =======         ======
           __sinus::?relay         00000306        cos (?cos)
                                                   sin (?sin)

    -------------------------------------------------------------------------
  LIBRARY MODULE, NAME : ?sqrt

  SEGMENTS IN THE MODULE
  ======================
<BANKED_CODE> 1 (was BANKED_CODE)
  Relative segment, address: CODE 00002D7B - 00002F0A (0x190 bytes), align: 0
  Segment part 18.            Intra module refs:   sqrt::?relay
           ENTRY                   ADDRESS         REF BY
           =====                   =======         ======
           sqrt                    00002D7B 
               calls direct
               XSTACK = 00000000 ( 0000001C )
               ISTACK = 00000000 ( 00000004 )
    -------------------------------------------------------------------------
XDATA_I
  Relative segment, address: XDATA 00000889 - 0000088C (0x4 bytes), align: 0
  Segment part 6.             Intra module refs:   sqrt
           ENTRY                   ADDRESS         REF BY
           =====                   =======         ======
           __Constant_1            00000889 
    -------------------------------------------------------------------------
XDATA_ID
  Relative segment, address: CODE 0000021E - 00000221 (0x4 bytes), align: 0
  Segment part 7.             Intra module refs:   __Constant_1
    -------------------------------------------------------------------------
XDATA_I
  Relative segment, address: XDATA 0000088D - 00000890 (0x4 bytes), align: 0
  Segment part 10.            Intra module refs:   sqrt
           ENTRY                   ADDRESS         REF BY
           =====                   =======         ======
           __Constant_3f4203c5     0000088D 
    -------------------------------------------------------------------------
XDATA_ID
  Relative segment, address: CODE 00000222 - 00000225 (0x4 bytes), align: 0
  Segment part 11.            Intra module refs:   __Constant_3f4203c5
    -------------------------------------------------------------------------
XDATA_I
  Relative segment, address: XDATA 00000891 - 00000894 (0x4 bytes), align: 0
  Segment part 12.            Intra module refs:   sqrt
           ENTRY                   ADDRESS         REF BY
           =====                   =======         ======
           __Constant_3f12511a     00000891 
    -------------------------------------------------------------------------
XDATA_ID
  Relative segment, address: CODE 00000226 - 00000229 (0x4 bytes), align: 0
  Segment part 13.            Intra module refs:   __Constant_3f12511a
    -------------------------------------------------------------------------
XDATA_I
  Relative segment, address: XDATA 00000895 - 00000898 (0x4 bytes), align: 0
  Segment part 14.            Intra module refs:   sqrt
           ENTRY                   ADDRESS         REF BY
           =====                   =======         ======
           __Constant_3fb504f3     00000895 
    -------------------------------------------------------------------------
XDATA_ID
  Relative segment, address: CODE 0000022A - 0000022D (0x4 bytes), align: 0
  Segment part 15.            Intra module refs:   __Constant_3fb504f3
    -------------------------------------------------------------------------
BANK_RELAYS
  Relative segment, address: CODE 0000030C - 00000311 (0x6 bytes), align: 0
  Segment part 19.
           ENTRY                   ADDRESS         REF BY
           =====                   =======         ======
           sqrt::?relay            0000030C        dft180 (basic_rf)
                                                   dft300 (basic_rf)

    -------------------------------------------------------------------------
  LIBRARY MODULE, NAME : ?low_level_init

  SEGMENTS IN THE MODULE
  ======================
CSTART
  Relative segment, address: CODE 00000113 - 00000115 (0x3 bytes), align: 0
  Segment part 6. ROOT.
           ENTRY                   ADDRESS         REF BY
           =====                   =======         ======
           __low_level_init        00000113        __low_level_init_call (?cmain)




                ****************************************
                *                                      *
                *            MODULE SUMMARY            *
                *                                      *
                ****************************************

Module                     CODE      DATA      XDATA  IDATA    BIT
------                     ----      ----      -----  -----    ---
                          (Rel)  (Rel)  (Abs)  (Rel)  (Rel)  (Rel)
?ADD_XSTACK_DISP8            27
?ALLOC_XSTACK8               22
?BANKED_CODE_SUPPORT         30
?BANKED_ENTER_XDATA         108
?BANKED_LEAVE_XDATA          70
?CALL_IND                     2
?DEALLOC_XSTACK8             26
?FLT_ADD                    575
?FLT_DIV                    486
?FLT_EQ                      44
?FLT_GE                      79
?FLT_LT                      76
?FLT_MUL                    384
?FLT_TEST_INF                21
?FLT_TEST_INF_R1             21
?FLT_TEST_NAN                15
?FLT_TEST_NAN_R1             15
?FLT_TEST_ZERO               10
?FLT_TEST_ZERO_R1            10
?FLT_TO_L                   143
?INTERRUPT_ENTER_XSP         95
?INTERRUPT_LEAVE_XSP         88
?L_MOV_TO_X                  15
?L_MOV_X                     15
?L_NEG                       20
?L_TO_FLT                   120
?MOVE_LONG8_XDATA_IDATA      13
?PUSH_XSTACK_I               17
?SC_DIV_MOD                  34
?S_DIV_MOD                  154
?S_SHL                       19
?XLOAD_R2345                 12
?XSTACK_DISP8                10
?XSTORE_R2345                12
?cexit                        5
?cmain                       88
?cos                         25
?errno                                             2
?frexp                      103
?low_level_init               3
?modf                       166                    4
?sin                         21
?sinus                      715                   32
  + shared                                         8
?sqrt                       422                   16
CSTARTUP                     18
  + common                    3
VIRTUAL_REGISTERS                    2                           8
basic_rf                  7 842            38  1 882
  + common                  134
N/A (command line)                  16           256     64
N/A (alignment)
----------               ------     --     --  -----     --      -
Total:                   12 196     18     38  2 200     64      8
  + common                  134


                ****************************************
                *                                      *
                *      SEGMENTS IN ADDRESS ORDER       *
                *                                      *
                ****************************************


SEGMENT              SPACE    START ADDRESS   END ADDRESS     SIZE  TYPE  ALIGN
=======              =====    =============   ===========     ====  ====  =====
INTVEC               CODE          00000000 - 00000085          86   com    0
CSTART               CODE          00000086 - 00000115          90   rel    0
IDATA_ID             CODE               00000116                     dse    0
BIT_ID               CODE               00000116                     dse    0
BDATA_ID             CODE               00000116                     dse    0
IXDATA_ID            CODE               00000116                     dse    0
PDATA_ID             CODE               00000116                     dse    0
DATA_ID              CODE               00000116                     dse    0
XDATA_ID             CODE          00000116 - 0000022D         118   rel    0
BANK_RELAYS          CODE          0000022E - 00000311          E4   rel    0
RCODE                CODE          00000312 - 00000DD7         AC6   rel    0
DIFUNCT              CODE               00000DD8                     dse    0
CODE_C               CODE               00000DD8                     dse    0
CODE_N               CODE               00000DD8                     dse    0
NEAR_CODE            CODE          00000DD8 - 00000FB0         1D9   rel    0
<BANKED_CODE> 1      CODE          00000FB1 - 00003029        2079   rel    0
REGISTERS            DATA          00000000 - 00000007           8   rel    0
VREG                 DATA          00000008 - 0000000F           8   rel    0
PSP                  DATA               00000010                     dse    0
XSP                  DATA          00000010 - 00000011           2   rel    0
BREG                 BIT        00000020.0  -  00000020.7        8   rel    0
SFR_AN               DATA          00000080 - 00000080           1   rel    0
                     DATA          00000086 - 00000086           1 
                     DATA          00000088 - 0000008B           4 
                     DATA          0000008F - 00000091           3 
                     DATA          0000009A - 0000009B           2 
                     DATA          0000009D - 0000009E           2 
                     DATA          000000A8 - 000000A8           1 
                     DATA          000000B6 - 000000B6           1 
                     DATA          000000BB - 000000BB           1 
                     DATA          000000BE - 000000BE           1 
                     DATA          000000C0 - 000000C1           2 
                     DATA          000000C6 - 000000C6           1 
                     DATA          000000D9 - 000000D9           1 
                     DATA          000000E1 - 000000E1           1 
                     DATA          000000E8 - 000000E9           2 
                     DATA          000000F1 - 000000F5           5 
                     DATA          000000F7 - 000000FF           9 
XSTACK               XDATA         00000001 - 00000100         100   rel    0
XDATA_Z              XDATA         00000101 - 00000780         680   rel    0
XDATA_I              XDATA         00000781 - 00000898         118   rel    0
ISTACK               IDATA         000000C0 - 000000FF          40   rel    0

                ****************************************
                *                                      *
                *        END OF CROSS REFERENCE        *
                *                                      *
                ****************************************

 12 330 bytes of CODE  memory
     18 bytes of DATA  memory (+ 38 absolute )
  2 200 bytes of XDATA memory
     64 bytes of IDATA memory
      8 bits  of BIT   memory

Errors: none
Warnings: none

