################################################################################
#                                                                              #
#      IAR Universal Linker V5.4.1.30                                          #
#                                                                              #
#           Link time     =  16/Jan/2013  21:25:25                             #
#           Target CPU    =  x51                                               #
#           List file     =  "C:\Users\calplug-fileserver\Desktop\New Workspac #
#                            e\ide\srf05_cc2530_91\iar\temp\per_test.map"      #
#           Output file 1 =  "C:\Users\calplug-fileserver\Desktop\New Workspac #
#                            e\ide\srf05_cc2530_91\iar\per_test.hex"           #
#                            Format: intel-extended                            #
#           Output file 2 =  "C:\Users\calplug-fileserver\Desktop\New Workspac #
#                            e\ide\srf05_cc2530_91\iar\per_test.d51"           #
#                            Format: debug                                     #
#                            UBROF version 10.0.6                              #
#                            Using library modules for C-SPY (-rt)             #
#           Command line  =  "-IC:\Program Files (x86)\IAR Systems\Embedded Wo #
#                            rkbench 6.4\8051\CONFIG\"                         #
#                            -D_NR_OF_BANKS=0x07 -D_CODEBANK_END=0xFFFF        #
#                            -D_CODEBANK_START=0x8000 -D?CBANK_MASK=0xFF       #
#                            -D?CBANK=0x9F                                     #
#                            "C:\Users\calplug-fileserver\Desktop\New Workspac #
#                            e\ide\srf05_cc2530_91\iar\temp\per_test\adc.r51"  #
#                            "C:\Users\calplug-fileserver\Desktop\New Workspac #
#                            e\ide\srf05_cc2530_91\iar\temp\per_test\basic_rf. #
#                            r51"                                              #
#                            "C:\Users\calplug-fileserver\Desktop\New Workspac #
#                            e\ide\srf05_cc2530_91\iar\temp\per_test\clock.r51 #
#                            "                                                 #
#                            "C:\Users\calplug-fileserver\Desktop\New Workspac #
#                            e\ide\srf05_cc2530_91\iar\temp\per_test\hal_asser #
#                            t.r51"                                            #
#                            "C:\Users\calplug-fileserver\Desktop\New Workspac #
#                            e\ide\srf05_cc2530_91\iar\temp\per_test\hal_board #
#                            .r51"                                             #
#                            "C:\Users\calplug-fileserver\Desktop\New Workspac #
#                            e\ide\srf05_cc2530_91\iar\temp\per_test\hal_butto #
#                            n.r51"                                            #
#                            "C:\Users\calplug-fileserver\Desktop\New Workspac #
#                            e\ide\srf05_cc2530_91\iar\temp\per_test\hal_digio #
#                            .r51"                                             #
#                            "C:\Users\calplug-fileserver\Desktop\New Workspac #
#                            e\ide\srf05_cc2530_91\iar\temp\per_test\hal_int.r #
#                            51"                                               #
#                            "C:\Users\calplug-fileserver\Desktop\New Workspac #
#                            e\ide\srf05_cc2530_91\iar\temp\per_test\hal_joyst #
#                            ick.r51"                                          #
#                            "C:\Users\calplug-fileserver\Desktop\New Workspac #
#                            e\ide\srf05_cc2530_91\iar\temp\per_test\hal_lcd_s #
#                            rf05.r51"                                         #
#                            "C:\Users\calplug-fileserver\Desktop\New Workspac #
#                            e\ide\srf05_cc2530_91\iar\temp\per_test\hal_led.r #
#                            51"                                               #
#                            "C:\Users\calplug-fileserver\Desktop\New Workspac #
#                            e\ide\srf05_cc2530_91\iar\temp\per_test\hal_mcu.r #
#                            51"                                               #
#                            "C:\Users\calplug-fileserver\Desktop\New Workspac #
#                            e\ide\srf05_cc2530_91\iar\temp\per_test\hal_rf.r5 #
#                            1"                                                #
#                            "C:\Users\calplug-fileserver\Desktop\New Workspac #
#                            e\ide\srf05_cc2530_91\iar\temp\per_test\hal_timer #
#                            _32k.r51"                                         #
#                            "C:\Users\calplug-fileserver\Desktop\New Workspac #
#                            e\ide\srf05_cc2530_91\iar\temp\per_test\per_test. #
#                            r51"                                              #
#                            "C:\Users\calplug-fileserver\Desktop\New Workspac #
#                            e\ide\srf05_cc2530_91\iar\temp\per_test\per_test_ #
#                            menu.r51"                                         #
#                            "C:\Users\calplug-fileserver\Desktop\New Workspac #
#                            e\ide\srf05_cc2530_91\iar\temp\per_test\util.r51" #
#                            "C:\Users\calplug-fileserver\Desktop\New Workspac #
#                            e\ide\srf05_cc2530_91\iar\temp\per_test\util_buff #
#                            er.r51"                                           #
#                            "C:\Users\calplug-fileserver\Desktop\New Workspac #
#                            e\ide\srf05_cc2530_91\iar\temp\per_test\util_lcd. #
#                            r51"                                              #
#                            -o                                                #
#                            "C:\Users\calplug-fileserver\Desktop\New Workspac #
#                            e\ide\srf05_cc2530_91\iar\per_test.d51"           #
#                            -l                                                #
#                            "C:\Users\calplug-fileserver\Desktop\New Workspac #
#                            e\ide\srf05_cc2530_91\iar\temp\per_test.map"      #
#                            -xmsn                                             #
#                            "-IC:\Program Files (x86)\IAR Systems\Embedded Wo #
#                            rkbench 6.4\8051\LIB\"                            #
#                            -f                                                #
#                            "C:\Program Files (x86)\IAR Systems\Embedded Work #
#                            bench 6.4\8051\config\devices\Texas Instruments\l #
#                            nk51ew_cc2530F256_banked.xcl"                     #
#                            (-D_IDATA0_START=0x00 -D_IDATA0_END=0xFF          #
#                            -D_PDATA0_START=0x1E00 -D_PDATA0_END=0x1EFF       #
#                            -D_IXDATA0_START=0x0001 -D_IXDATA0_END=0x1EFF     #
#                            -D_XDATA0_START=_IXDATA0_START                    #
#                            -D_XDATA0_END=_IXDATA0_END                        #
#                            -D_NEAR_CODE_START=0x0000                         #
#                            -D_FIRST_BANK_ADDR=0x10000 -D?REGISTER_BANK=0x0   #
#                            -D_REGISTER_BANK_START=0x0 -D_BREG_START=0x00     #
#                            -D?VB=0x20 -D?ESP=0x9B -Z(BIT)BREG=_BREG_START    #
#                            -Z(BIT)BIT_N=0-7F                                 #
#                            -Z(DATA)REGISTERS+8=_REGISTER_BANK_START          #
#                            -Z(DATA)BDATA_Z,BDATA_N,BDATA_I=20-2F             #
#                            -Z(DATA)VREG+_NR_OF_VIRTUAL_REGISTERS=08-7F       #
#                            -Z(DATA)PSP,XSP=08-7F -Z(DATA)DOVERLAY=08-7F      #
#                            -Z(DATA)DATA_I,DATA_Z,DATA_N=08-7F                #
#                            -U(IDATA)0-7F=(DATA)0-7F                          #
#                            -Z(IDATA)IDATA_I,IDATA_Z,IDATA_N=08-_IDATA0_END   #
#                            -Z(IDATA)ISTACK+_IDATA_STACK_SIZE#08-_IDATA0_END  #
#                            -Z(IDATA)IOVERLAY=08-FF -Z(CODE)INTVEC=0          #
#                            -Z(CODE)CSTART=_NEAR_CODE_START-(_CODEBANK_START- #
#                            1)                                                #
#                            -Z(CODE)BIT_ID,BDATA_ID,DATA_ID,IDATA_ID,IXDATA_I #
#                            D,PDATA_ID,XDATA_ID=_NEAR_CODE_START-(_CODEBANK_S #
#                            TART-1)                                           #
#                            -Z(CODE)BANK_RELAYS,RCODE,DIFUNCT,CODE_C,CODE_N,N #
#                            EAR_CODE=_NEAR_CODE_START-(_CODEBANK_START-1)     #
#                            -P(CODE)BANKED_CODE=_NEAR_CODE_START-(_CODEBANK_S #
#                            TART-1),[(_CODEBANK_START+_FIRST_BANK_ADDR)-(_COD #
#                            EBANK_END+_FIRST_BANK_ADDR)]*_NR_OF_BANKS+10000   #
#                            -Z(CODE)CHECKSUM#(_CODEBANK_START-1)              #
#                            -Z(XDATA)PDATA_Z,PDATA_I=_PDATA0_START-_PDATA0_EN #
#                            D                                                 #
#                            -P(XDATA)PDATA_N=_PDATA0_START-_PDATA0_END        #
#                            -Z(XDATA)PSTACK+_PDATA_STACK_SIZE=_PDATA0_START-_ #
#                            PDATA0_END                                        #
#                            -Z(XDATA)EXT_STACK+_EXTENDED_STACK_SIZE=_EXTENDED #
#                            _STACK_START                                      #
#                            -Z(XDATA)XSTACK+_XDATA_STACK_SIZE=_XDATA0_START-_ #
#                            XDATA0_END                                        #
#                            -Z(XDATA)IXDATA_Z,IXDATA_I=_IXDATA0_START-_IXDATA #
#                            0_END                                             #
#                            -P(XDATA)IXDATA_N=_IXDATA0_START-_IXDATA0_END     #
#                            -Z(XDATA)XDATA_Z,XDATA_I=_XDATA0_START-_XDATA0_EN #
#                            D                                                 #
#                            -P(XDATA)XDATA_N=_XDATA0_START-_XDATA0_END        #
#                            -Z(XDATA)XDATA_HEAP+_XDATA_HEAP_SIZE=_XDATA0_STAR #
#                            T-_XDATA0_END                                     #
#                            -Z(CONST)XDATA_ROM_C=_XDATA0_START-_XDATA0_END    #
#                            -cx51                                             #
#                            -M(CODE)[(_CODEBANK_START+_FIRST_BANK_ADDR)-(_COD #
#                            EBANK_END+_FIRST_BANK_ADDR)]*_NR_OF_BANKS+0x10000 #
#                            =0x8000                                           #
#                            -ww69=i -D_BANK0_START=0x00000                    #
#                            -D_BANK0_END=0x07FFF -D_BANK1_START=0x18000       #
#                            -D_BANK1_END=0x1FFFF -D_BANK2_START=0x28000       #
#                            -D_BANK2_END=0x2FFFF -D_BANK3_START=0x38000       #
#                            -D_BANK3_END=0x3FFFF -D_BANK4_START=0x48000       #
#                            -D_BANK4_END=0x4FFFF -D_BANK5_START=0x58000       #
#                            -D_BANK5_END=0x5FFFF -D_BANK6_START=0x68000       #
#                            -D_BANK6_END=0x6FFFF -D_BANK7_START=0x78000       #
#                            -D_BANK7_END=0x7FFFF                              #
#                            -P(CODE)BANK0=_BANK0_START-_BANK0_END             #
#                            -P(CODE)BANK1=_BANK1_START-_BANK1_END             #
#                            -P(CODE)BANK2=_BANK2_START-_BANK2_END             #
#                            -P(CODE)BANK3=_BANK3_START-_BANK3_END             #
#                            -P(CODE)BANK4=_BANK4_START-_BANK4_END             #
#                            -P(CODE)BANK5=_BANK5_START-_BANK5_END             #
#                            -P(CODE)BANK6=_BANK6_START-_BANK6_END             #
#                            -P(CODE)BANK7=_BANK7_START-_BANK7_END             #
#                            -D_FLASH_LOCK_BITS_START=0x7FFF0                  #
#                            -D_FLASH_LOCK_BITS_END=0x7FFFF                    #
#                            -Z(CODE)FLASH_LOCK_BITS=_FLASH_LOCK_BITS_START-_F #
#                            LASH_LOCK_BITS_END                                #
#                            -U(CODE)0x0000=(CODE)_FLASH_LOCK_BITS_START-_FLAS #
#                            H_LOCK_BITS_END)                                  #
#                            -e?BCALL_FF=?BCALL -e?BRET_FF=?BRET               #
#                            -e?BDISPATCH_FF=?BDISPATCH                        #
#                            -D_NR_OF_VIRTUAL_REGISTERS=8 -D?PBANK=0x93        #
#                            -e_medium_write=_formatted_write                  #
#                            -e_medium_read=_formatted_read -rt                #
#                            "-Ointel-extended=C:\Users\calplug-fileserver\Des #
#                            ktop\New Workspace\ide\srf05_cc2530_91\iar\per_te #
#                            st.hex"                                           #
#                            -s __program_start                                #
#                            "C:\Program Files (x86)\IAR Systems\Embedded Work #
#                            bench 6.4\8051\LIB\CLIB\cl-pli-blxd-1e16x01.r51"  #
#                            -D_IDATA_STACK_SIZE=0x40                          #
#                            -D_EXTENDED_STACK_START=0x00                      #
#                            -D_EXTENDED_STACK_SIZE=0x00                       #
#                            -D_PDATA_STACK_SIZE=0x80                          #
#                            -D_XDATA_STACK_SIZE=0x100                         #
#                            -D_XDATA_HEAP_SIZE=0xFF -D_FAR_HEAP_SIZE=0xFFF    #
#                            -D_HUGE_HEAP_SIZE=0xFFF                           #
#                            -D_FAR22_HEAP_SIZE=0xFFF                          #
#                                                                              #
#                           Copyright (C) 1987-2012 IAR Systems AB.            #
################################################################################





                ****************************************
                *                                      *
                *           CROSS REFERENCE            *
                *                                      *
                ****************************************

       Program entry at : CODE      000000E3  Relocatable, from module : CSTARTUP




                ****************************************
                *                                      *
                *            RUNTIME MODEL             *
                *                                      *
                ****************************************

  __SystemLibrary          = CLib
  __calling_convention     = xdata_reentrant
  __code_model             = banked
  __core                   = plain
  __data_model             = large
  __dptr_size              = 16
  __extended_stack         = disabled
  __location_for_constants = data
  __number_of_dptrs        = 1
  __rt_version             = 1

                ****************************************
                *                                      *
                *    AUTOMATIC SYMBOL REDIRECTIONS     *
                *                                      *
                ****************************************

                  There are no automatic symbol redirections.



                ****************************************
                *                                      *
                *              MODULE MAP              *
                *                                      *
                ****************************************


  DEFINED ABSOLUTE ENTRIES
    *************************************************************************

  DEFINED ABSOLUTE ENTRIES
  PROGRAM MODULE, NAME : ?ABS_ENTRY_MOD

Absolute parts
           ENTRY                   ADDRESS         REF BY
           =====                   =======         ======
           _FAR22_HEAP_SIZE        00000FFF 
           _HUGE_HEAP_SIZE         00000FFF 
           _FAR_HEAP_SIZE          00000FFF 
           _XDATA_HEAP_SIZE        000000FF 
           _XDATA_STACK_SIZE       00000100 
           _PDATA_STACK_SIZE       00000080 
           _EXTENDED_STACK_SIZE    00000000 
           _EXTENDED_STACK_START   00000000 
           _IDATA_STACK_SIZE       00000040 
           ?PBANK                  00000093 
           _NR_OF_VIRTUAL_REGISTERS
                                   00000008 
           _FLASH_LOCK_BITS_END    0003FFFF 
           _FLASH_LOCK_BITS_START
                                   0003FFF0 
           _BANK7_END              0003FFFF 
           _BANK7_START            00038000 
           _BANK6_END              00037FFF 
           _BANK6_START            00030000 
           _BANK5_END              0002FFFF 
           _BANK5_START            00028000 
           _BANK4_END              00027FFF 
           _BANK4_START            00020000 
           _BANK3_END              0001FFFF 
           _BANK3_START            00018000 
           _BANK2_END              00017FFF 
           _BANK2_START            00010000 
           _BANK1_END              0000FFFF 
           _BANK1_START            00008000 
           _BANK0_END              00007FFF 
           _BANK0_START            00000000 
           ?ESP                    0000009B 
           ?VB                     00000020        ?BANKED_ENTER_XDATA (?BANKED_ENTER_XDATA)
                                                   ?BANKED_LEAVE_XDATA (?BANKED_LEAVE_XDATA)
                                                   ?INTERRUPT_ENTER_XSP (?INTERRUPT_ENTER_XSP)
                                                   ?INTERRUPT_LEAVE_XSP (?INTERRUPT_LEAVE_XSP)
           _BREG_START             00000000 
           _REGISTER_BANK_START    00000000 
           ?REGISTER_BANK          00000000        Segment part 6 (CSTARTUP)
           _FIRST_BANK_ADDR        00010000 
           _NEAR_CODE_START        00000000 
           _XDATA0_END             00001EFF 
           _XDATA0_START           00000001 
           _IXDATA0_END            00001EFF 
           _IXDATA0_START          00000001 
           _PDATA0_END             00001EFF 
           _PDATA0_START           00001E00 
           _IDATA0_END             000000FF 
           _IDATA0_START           00000000 
           ?CBANK                  0000009F        ?RESET_CODE_BANK (CSTARTUP)
                                                   Segment part 0 (?BANKED_CODE_SUPPORT)
           ?CBANK_MASK             000000FF 
           _CODEBANK_START         00008000 
           _CODEBANK_END           0000FFFF 
           _NR_OF_BANKS            00000007 
    *************************************************************************

  FILE NAME : C:\Users\calplug-fileserver\Desktop\New Workspace\ide\srf05_cc2530_91\iar\temp\per_test\adc.r51
  PROGRAM MODULE, NAME : adc

  SEGMENTS IN THE MODULE
  ======================
SFR_AN
  Relative segment, address: DATA 00000088 - 00000088 (0x1 bytes), align: 0
  Segment part 1. ROOT.       Intra module refs:   main (per_test)
           ENTRY                   ADDRESS         REF BY
           =====                   =======         ======
           _A_TCON                 00000088 
           LOCAL                   ADDRESS         
           =====                   =======         
           TCON                    00000088 
    -------------------------------------------------------------------------
SFR_AN
  Relative segment, address: DATA 000000B6 - 000000B6 (0x1 bytes), align: 0
  Segment part 2. ROOT.       Intra module refs:   main (per_test)
           ENTRY                   ADDRESS         REF BY
           =====                   =======         ======
           ADCCON3                 000000B6 
    -------------------------------------------------------------------------
SFR_AN
  Relative segment, address: DATA 000000BA - 000000BA (0x1 bytes), align: 0
  Segment part 3. ROOT.
           ENTRY                   ADDRESS         REF BY
           =====                   =======         ======
           ADCL                    000000BA 
    -------------------------------------------------------------------------
SFR_AN
  Relative segment, address: DATA 000000BB - 000000BB (0x1 bytes), align: 0
  Segment part 4. ROOT.       Intra module refs:   main (per_test)
           ENTRY                   ADDRESS         REF BY
           =====                   =======         ======
           ADCH                    000000BB 
    -------------------------------------------------------------------------
SFR_AN
  Relative segment, address: DATA 000000F2 - 000000F2 (0x1 bytes), align: 0
  Segment part 5. ROOT.       Intra module refs:   main (per_test)
           ENTRY                   ADDRESS         REF BY
           =====                   =======         ======
           ADCCFG                  000000F2 

    *************************************************************************

  FILE NAME : C:\Users\calplug-fileserver\Desktop\New Workspace\ide\srf05_cc2530_91\iar\temp\per_test\basic_rf.r51
    *************************************************************************

  FILE NAME : C:\Users\calplug-fileserver\Desktop\New Workspace\ide\srf05_cc2530_91\iar\temp\per_test\clock.r51
  PROGRAM MODULE, NAME : clock

  SEGMENTS IN THE MODULE
  ======================
SFR_AN
  Relative segment, address: DATA 0000009D - 0000009D (0x1 bytes), align: 0
  Segment part 1. ROOT.       Intra module refs:   clockSetMainSrc
           ENTRY                   ADDRESS         REF BY
           =====                   =======         ======
           SLEEPSTA                0000009D 
    -------------------------------------------------------------------------
SFR_AN
  Relative segment, address: DATA 0000009E - 0000009E (0x1 bytes), align: 0
  Segment part 2. ROOT.       Intra module refs:   clockSelect32k
                                                   clockSetMainSrc
                                                   halLcdSpiInit (hal_board)
           ENTRY                   ADDRESS         REF BY
           =====                   =======         ======
           CLKCONSTA               0000009E 
    -------------------------------------------------------------------------
SFR_AN
  Relative segment, address: DATA 000000BE - 000000BE (0x1 bytes), align: 0
  Segment part 3. ROOT.       Intra module refs:   clockSetMainSrc
           ENTRY                   ADDRESS         REF BY
           =====                   =======         ======
           SLEEPCMD                000000BE 
    -------------------------------------------------------------------------
SFR_AN
  Relative segment, address: DATA 000000C6 - 000000C6 (0x1 bytes), align: 0
  Segment part 4. ROOT.       Intra module refs:   clockSelect32k
                                                   clockSetMainSrc
           ENTRY                   ADDRESS         REF BY
           =====                   =======         ======
           CLKCONCMD               000000C6 
    -------------------------------------------------------------------------
<BANKED_CODE> 1 (was BANKED_CODE)
  Relative segment, address: CODE 00002CB0 - 00002CE3 (0x34 bytes), align: 0
  Segment part 10.            Intra module refs:   clockSetMainSrc::?relay
           ENTRY                   ADDRESS         REF BY
           =====                   =======         ======
           clockSetMainSrc         00002CB0 
    -------------------------------------------------------------------------
<BANKED_CODE> 1 (was BANKED_CODE)
  Relative segment, address: CODE 00002CE4 - 00002D0C (0x29 bytes), align: 0
  Segment part 12.            Intra module refs:   clockSelect32k::?relay
           ENTRY                   ADDRESS         REF BY
           =====                   =======         ======
           clockSelect32k          00002CE4 
    -------------------------------------------------------------------------
BANK_RELAYS
  Relative segment, address: CODE 0000028E - 00000293 (0x6 bytes), align: 0
  Segment part 11.
           ENTRY                   ADDRESS         REF BY
           =====                   =======         ======
           clockSetMainSrc::?relay
                                   0000028E        halMcuInit (hal_mcu)
    -------------------------------------------------------------------------
BANK_RELAYS
  Relative segment, address: CODE 00000294 - 00000299 (0x6 bytes), align: 0
  Segment part 13.
           ENTRY                   ADDRESS         REF BY
           =====                   =======         ======
           clockSelect32k::?relay
                                   00000294        halMcuInit (hal_mcu)

    *************************************************************************

  FILE NAME : C:\Users\calplug-fileserver\Desktop\New Workspace\ide\srf05_cc2530_91\iar\temp\per_test\hal_assert.r51
  PROGRAM MODULE, NAME : hal_assert

  SEGMENTS IN THE MODULE
  ======================
<BANKED_CODE> 1 (was BANKED_CODE)
  Relative segment, address: CODE 00002D5C - 00002D7C (0x21 bytes), align: 0
  Segment part 6.             Intra module refs:   halAssertHandler::?relay
           ENTRY                   ADDRESS         REF BY
           =====                   =======         ======
           halAssertHandler        00002D5C 
               calls direct
               ISTACK = 00000000 ( 00000002 )
    -------------------------------------------------------------------------
BANK_RELAYS
  Relative segment, address: CODE 0000029A - 0000029F (0x6 bytes), align: 0
  Segment part 7.
           ENTRY                   ADDRESS         REF BY
           =====                   =======         ======
           halAssertHandler::?relay
                                   0000029A        halMcuInit (hal_mcu)

    *************************************************************************

  FILE NAME : C:\Users\calplug-fileserver\Desktop\New Workspace\ide\srf05_cc2530_91\iar\temp\per_test\hal_board.r51
  PROGRAM MODULE, NAME : hal_board

  SEGMENTS IN THE MODULE
  ======================
SFR_AN
  Relative segment, address: DATA 00000080 - 00000080 (0x1 bytes), align: 0
  Segment part 1. ROOT.       Intra module refs:   halBoardInit
                                                   halButtonPushed (hal_button)
                                                   halLcdInit (hal_lcd_srf05)
                                                   halLedClear (hal_led)
                                                   halLedSet (hal_led)
                                                   halLedToggle (hal_led)
                                                   lcdControl (hal_lcd_srf05)
                                                   lcdWrite (hal_lcd_srf05)
                                                   lcdWriteMany (hal_lcd_srf05)
           ENTRY                   ADDRESS         REF BY
           =====                   =======         ======
           _A_P0                   00000080 
           LOCAL                   ADDRESS         
           =====                   =======         
           P0                      00000080 
    -------------------------------------------------------------------------
SFR_AN
  Relative segment, address: DATA 0000008F - 0000008F (0x1 bytes), align: 0
  Segment part 2. ROOT.       Intra module refs:   halBoardInit
                                                   halButtonPushed (hal_button)
           ENTRY                   ADDRESS         REF BY
           =====                   =======         ======
           P0INP                   0000008F 
    -------------------------------------------------------------------------
SFR_AN
  Relative segment, address: DATA 00000090 - 00000090 (0x1 bytes), align: 0
  Segment part 3. ROOT.       Intra module refs:   halBoardInit
                                                   halLcdInit (hal_lcd_srf05)
                                                   halLedClear (hal_led)
                                                   halLedSet (hal_led)
                                                   halLedToggle (hal_led)
                                                   lcdControl (hal_lcd_srf05)
                                                   lcdWrite (hal_lcd_srf05)
                                                   lcdWriteMany (hal_lcd_srf05)
           ENTRY                   ADDRESS         REF BY
           =====                   =======         ======
           _A_P1                   00000090 
           LOCAL                   ADDRESS         
           =====                   =======         
           P1                      00000090 
    -------------------------------------------------------------------------
SFR_AN
  Relative segment, address: DATA 000000F1 - 000000F1 (0x1 bytes), align: 0
  Segment part 5. ROOT.       Intra module refs:   halLcdSpiInit
           ENTRY                   ADDRESS         REF BY
           =====                   =======         ======
           PERCFG                  000000F1 
    -------------------------------------------------------------------------
SFR_AN
  Relative segment, address: DATA 000000F3 - 000000F3 (0x1 bytes), align: 0
  Segment part 6. ROOT.       Intra module refs:   halBoardInit
                                                   halButtonPushed (hal_button)
                                                   halLcdInit (hal_lcd_srf05)
           ENTRY                   ADDRESS         REF BY
           =====                   =======         ======
           P0SEL                   000000F3 
    -------------------------------------------------------------------------
SFR_AN
  Relative segment, address: DATA 000000F4 - 000000F4 (0x1 bytes), align: 0
  Segment part 7. ROOT.       Intra module refs:   halLcdInit (hal_lcd_srf05)
                                                   halLcdSpiInit
           ENTRY                   ADDRESS         REF BY
           =====                   =======         ======
           P1SEL                   000000F4 
    -------------------------------------------------------------------------
SFR_AN
  Relative segment, address: DATA 000000F5 - 000000F5 (0x1 bytes), align: 0
  Segment part 8. ROOT.       Intra module refs:   halBoardInit
           ENTRY                   ADDRESS         REF BY
           =====                   =======         ======
           P2SEL                   000000F5 
    -------------------------------------------------------------------------
SFR_AN
  Relative segment, address: DATA 000000F6 - 000000F6 (0x1 bytes), align: 0
  Segment part 9. ROOT.
           ENTRY                   ADDRESS         REF BY
           =====                   =======         ======
           P1INP                   000000F6 
    -------------------------------------------------------------------------
SFR_AN
  Relative segment, address: DATA 000000F7 - 000000F7 (0x1 bytes), align: 0
  Segment part 10. ROOT.      Intra module refs:   halBoardInit
                                                   halButtonPushed (hal_button)
           ENTRY                   ADDRESS         REF BY
           =====                   =======         ======
           P2INP                   000000F7 
    -------------------------------------------------------------------------
SFR_AN
  Relative segment, address: DATA 000000F8 - 000000F8 (0x1 bytes), align: 0
  Segment part 11. ROOT.      Intra module refs:   halLcdSpiInit
                                                   lcdControl (hal_lcd_srf05)
                                                   lcdWrite (hal_lcd_srf05)
                                                   lcdWriteMany (hal_lcd_srf05)
           ENTRY                   ADDRESS         REF BY
           =====                   =======         ======
           _A_U1CSR                000000F8 
           LOCAL                   ADDRESS         
           =====                   =======         
           U1CSR                   000000F8 
    -------------------------------------------------------------------------
SFR_AN
  Relative segment, address: DATA 000000FA - 000000FA (0x1 bytes), align: 0
  Segment part 12. ROOT.      Intra module refs:   halLcdSpiInit
           ENTRY                   ADDRESS         REF BY
           =====                   =======         ======
           U1BAUD                  000000FA 
    -------------------------------------------------------------------------
SFR_AN
  Relative segment, address: DATA 000000FB - 000000FB (0x1 bytes), align: 0
  Segment part 13. ROOT.      Intra module refs:   halLcdSpiInit
           ENTRY                   ADDRESS         REF BY
           =====                   =======         ======
           U1UCR                   000000FB 
    -------------------------------------------------------------------------
SFR_AN
  Relative segment, address: DATA 000000FC - 000000FC (0x1 bytes), align: 0
  Segment part 14. ROOT.      Intra module refs:   halLcdSpiInit
           ENTRY                   ADDRESS         REF BY
           =====                   =======         ======
           U1GCR                   000000FC 
    -------------------------------------------------------------------------
SFR_AN
  Relative segment, address: DATA 000000FD - 000000FD (0x1 bytes), align: 0
  Segment part 15. ROOT.      Intra module refs:   halBoardInit
                                                   halButtonPushed (hal_button)
                                                   halLcdInit (hal_lcd_srf05)
           ENTRY                   ADDRESS         REF BY
           =====                   =======         ======
           P0DIR                   000000FD 
    -------------------------------------------------------------------------
SFR_AN
  Relative segment, address: DATA 000000FE - 000000FE (0x1 bytes), align: 0
  Segment part 16. ROOT.      Intra module refs:   halBoardInit
                                                   halLcdInit (hal_lcd_srf05)
           ENTRY                   ADDRESS         REF BY
           =====                   =======         ======
           P1DIR                   000000FE 
    -------------------------------------------------------------------------
SFR_AN
  Relative segment, address: DATA 000000FF - 000000FF (0x1 bytes), align: 0
  Segment part 17. ROOT.      Intra module refs:   halBoardInit
           ENTRY                   ADDRESS         REF BY
           =====                   =======         ======
           P2DIR                   000000FF 
    -------------------------------------------------------------------------
<BANKED_CODE> 1 (was BANKED_CODE)
  Relative segment, address: CODE 00002BE7 - 00002C26 (0x40 bytes), align: 0
  Segment part 23.            Intra module refs:   halBoardInit::?relay
           ENTRY                   ADDRESS         REF BY
           =====                   =======         ======
           halBoardInit            00002BE7 
               calls direct
               ISTACK = 00000000 ( 00000002 )
    -------------------------------------------------------------------------
<BANKED_CODE> 1 (was BANKED_CODE)
  Relative segment, address: CODE 00002C27 - 00002C44 (0x1e bytes), align: 0
  Segment part 25.            Intra module refs:   halLcdSpiInit::?relay
           ENTRY                   ADDRESS         REF BY
           =====                   =======         ======
           halLcdSpiInit           00002C27 
    -------------------------------------------------------------------------
<BANKED_CODE> 1 (was BANKED_CODE)
  Relative segment, address: CODE 00002C45 - 00002C4E (0xa bytes), align: 0
  Segment part 29.            Intra module refs:   halLcdSpiInit
           LOCAL                   ADDRESS         
           =====                   =======         
           ?Subroutine0            00002C45 
    -------------------------------------------------------------------------
BANK_RELAYS
  Relative segment, address: CODE 000002A0 - 000002A5 (0x6 bytes), align: 0
  Segment part 24.
           ENTRY                   ADDRESS         REF BY
           =====                   =======         ======
           halBoardInit::?relay    000002A0        main (per_test)
    -------------------------------------------------------------------------
BANK_RELAYS
  Relative segment, address: CODE 000002A6 - 000002AB (0x6 bytes), align: 0
  Segment part 26.            Intra module refs:   halBoardInit
           ENTRY                   ADDRESS         REF BY
           =====                   =======         ======
           halLcdSpiInit::?relay   000002A6 

    *************************************************************************

  FILE NAME : C:\Users\calplug-fileserver\Desktop\New Workspace\ide\srf05_cc2530_91\iar\temp\per_test\hal_button.r51
  PROGRAM MODULE, NAME : hal_button

  SEGMENTS IN THE MODULE
  ======================
<BANKED_CODE> 1 (was BANKED_CODE)
  Relative segment, address: CODE 00002D0D - 00002D51 (0x45 bytes), align: 0
  Segment part 13.            Intra module refs:   halButtonPushed::?relay
           ENTRY                   ADDRESS         REF BY
           =====                   =======         ======
           halButtonPushed         00002D0D 
               ISTACK = 00000000 ( 00000002 )
    -------------------------------------------------------------------------
<BANKED_CODE> 1 (was BANKED_CODE)
  Relative segment, address: CODE 00002D52 - 00002D5B (0xa bytes), align: 0
  Segment part 15.            Intra module refs:   halButtonPushed
           LOCAL                   ADDRESS         
           =====                   =======         
           ?Subroutine0            00002D52 
    -------------------------------------------------------------------------
BANK_RELAYS
  Relative segment, address: CODE 000002AC - 000002B1 (0x6 bytes), align: 0
  Segment part 14.
           ENTRY                   ADDRESS         REF BY
           =====                   =======         ======
           halButtonPushed::?relay
                                   000002AC        main (per_test)

    *************************************************************************

  FILE NAME : C:\Users\calplug-fileserver\Desktop\New Workspace\ide\srf05_cc2530_91\iar\temp\per_test\hal_digio.r51
  PROGRAM MODULE, NAME : hal_digio

  SEGMENTS IN THE MODULE
  ======================
SFR_AN
  Relative segment, address: DATA 00000089 - 00000089 (0x1 bytes), align: 0
  Segment part 2. ROOT.       Intra module refs:   port0_ISR
           ENTRY                   ADDRESS         REF BY
           =====                   =======         ======
           P0IFG                   00000089 
    -------------------------------------------------------------------------
SFR_AN
  Relative segment, address: DATA 0000008A - 0000008A (0x1 bytes), align: 0
  Segment part 3. ROOT.       Intra module refs:   port1_ISR
           ENTRY                   ADDRESS         REF BY
           =====                   =======         ======
           P1IFG                   0000008A 
    -------------------------------------------------------------------------
SFR_AN
  Relative segment, address: DATA 0000008B - 0000008B (0x1 bytes), align: 0
  Segment part 4. ROOT.       Intra module refs:   port2_ISR
           ENTRY                   ADDRESS         REF BY
           =====                   =======         ======
           P2IFG                   0000008B 
    -------------------------------------------------------------------------
SFR_AN
  Relative segment, address: DATA 0000008C - 0000008C (0x1 bytes), align: 0
  Segment part 5. ROOT.
           ENTRY                   ADDRESS         REF BY
           =====                   =======         ======
           PICTL                   0000008C 
    -------------------------------------------------------------------------
SFR_AN
  Relative segment, address: DATA 0000008D - 0000008D (0x1 bytes), align: 0
  Segment part 6. ROOT.
           ENTRY                   ADDRESS         REF BY
           =====                   =======         ======
           P1IEN                   0000008D 
    -------------------------------------------------------------------------
SFR_AN
  Relative segment, address: DATA 0000009A - 0000009A (0x1 bytes), align: 0
  Segment part 8. ROOT.
           ENTRY                   ADDRESS         REF BY
           =====                   =======         ======
           IEN2                    0000009A 
    -------------------------------------------------------------------------
SFR_AN
  Relative segment, address: DATA 000000A0 - 000000A0 (0x1 bytes), align: 0
  Segment part 9. ROOT.
           ENTRY                   ADDRESS         REF BY
           =====                   =======         ======
           _A_P2                   000000A0 
           LOCAL                   ADDRESS         
           =====                   =======         
           P2                      000000A0 
    -------------------------------------------------------------------------
SFR_AN
  Relative segment, address: DATA 000000A8 - 000000A8 (0x1 bytes), align: 0
  Segment part 10. ROOT.      Intra module refs:   halIntOn (hal_int)
                                                   rfIsr (hal_rf)
           ENTRY                   ADDRESS         REF BY
           =====                   =======         ======
           _A_IEN0                 000000A8 
           LOCAL                   ADDRESS         
           =====                   =======         
           IEN0                    000000A8 
    -------------------------------------------------------------------------
SFR_AN
  Relative segment, address: DATA 000000AB - 000000AB (0x1 bytes), align: 0
  Segment part 11. ROOT.
           ENTRY                   ADDRESS         REF BY
           =====                   =======         ======
           P0IEN                   000000AB 
    -------------------------------------------------------------------------
SFR_AN
  Relative segment, address: DATA 000000AC - 000000AC (0x1 bytes), align: 0
  Segment part 12. ROOT.
           ENTRY                   ADDRESS         REF BY
           =====                   =======         ======
           P2IEN                   000000AC 
    -------------------------------------------------------------------------
SFR_AN
  Relative segment, address: DATA 000000B8 - 000000B8 (0x1 bytes), align: 0
  Segment part 13. ROOT.
           ENTRY                   ADDRESS         REF BY
           =====                   =======         ======
           _A_IEN1                 000000B8 
           LOCAL                   ADDRESS         
           =====                   =======         
           IEN1                    000000B8 
    -------------------------------------------------------------------------
SFR_AN
  Relative segment, address: DATA 000000C0 - 000000C0 (0x1 bytes), align: 0
  Segment part 14. ROOT.      Intra module refs:   port0_ISR
           ENTRY                   ADDRESS         REF BY
           =====                   =======         ======
           _A_IRCON                000000C0 
           LOCAL                   ADDRESS         
           =====                   =======         
           IRCON                   000000C0 
    -------------------------------------------------------------------------
SFR_AN
  Relative segment, address: DATA 000000E8 - 000000E8 (0x1 bytes), align: 0
  Segment part 15. ROOT.      Intra module refs:   port1_ISR
                                                   port2_ISR
           ENTRY                   ADDRESS         REF BY
           =====                   =======         ======
           _A_IRCON2               000000E8 
           LOCAL                   ADDRESS         
           =====                   =======         
           IRCON2                  000000E8 
    -------------------------------------------------------------------------
XDATA_Z
  Relative segment, address: XDATA 00000101 - 00000110 (0x10 bytes), align: 0
  Segment part 30.            Intra module refs:   port0_ISR
           LOCAL                   ADDRESS         
           =====                   =======         
           port0_isr_tbl           00000101 
    -------------------------------------------------------------------------
XDATA_Z
  Relative segment, address: XDATA 00000111 - 00000120 (0x10 bytes), align: 0
  Segment part 31.            Intra module refs:   port1_ISR
           LOCAL                   ADDRESS         
           =====                   =======         
           port1_isr_tbl           00000111 
    -------------------------------------------------------------------------
XDATA_Z
  Relative segment, address: XDATA 00000121 - 0000012A (0xa bytes), align: 0
  Segment part 32.            Intra module refs:   port2_ISR
           LOCAL                   ADDRESS         
           =====                   =======         
           port2_isr_tbl           00000121 
    -------------------------------------------------------------------------
NEAR_CODE
  Relative segment, address: CODE 00000F25 - 00000F78 (0x54 bytes), align: 0
  Segment part 55.            Intra module refs:   port0_ISR::??INTVEC 107
           ENTRY                   ADDRESS         REF BY
           =====                   =======         ======
           port0_ISR               00000F25 
               interrupt function
               XSTACK = 00000000 ( 0000000F )
    -------------------------------------------------------------------------
NEAR_CODE
  Relative segment, address: CODE 00000F79 - 00000F7D (0x5 bytes), align: 0
  Segment part 56.            Intra module refs:   port0_ISR
                                                   port1_ISR
                                                   port2_ISR
           LOCAL                   ADDRESS         
           =====                   =======         
           ?Subroutine1            00000F79 
    -------------------------------------------------------------------------
NEAR_CODE
  Relative segment, address: CODE 00000F7E - 00000FD3 (0x56 bytes), align: 0
  Segment part 57.            Intra module refs:   port1_ISR::??INTVEC 123
           ENTRY                   ADDRESS         REF BY
           =====                   =======         ======
           port1_ISR               00000F7E 
               interrupt function
               XSTACK = 00000000 ( 0000000F )
    -------------------------------------------------------------------------
NEAR_CODE
  Relative segment, address: CODE 00000FD4 - 00000FDE (0xb bytes), align: 0
  Segment part 58.            Intra module refs:   port0_ISR
                                                   port1_ISR
                                                   port2_ISR
           LOCAL                   ADDRESS         
           =====                   =======         
           ?Subroutine4            00000FD4 
    -------------------------------------------------------------------------
NEAR_CODE
  Relative segment, address: CODE 00000FDF - 00000FEA (0xc bytes), align: 0
  Segment part 59.            Intra module refs:   port0_ISR
                                                   port1_ISR
                                                   port2_ISR
           LOCAL                   ADDRESS         
           =====                   =======         
           ?Subroutine3            00000FDF 
    -------------------------------------------------------------------------
NEAR_CODE
  Relative segment, address: CODE 00000FEB - 00001041 (0x57 bytes), align: 0
  Segment part 60.            Intra module refs:   port2_ISR::??INTVEC 51
           ENTRY                   ADDRESS         REF BY
           =====                   =======         ======
           port2_ISR               00000FEB 
               interrupt function
               XSTACK = 00000000 ( 0000000F )
    -------------------------------------------------------------------------
INTVEC
  Common segment, address: CODE 00000000 - 00000035 (0x36 bytes), align: 0
  Segment part 22. ROOT.
           ENTRY                   ADDRESS         REF BY
           =====                   =======         ======
           port2_ISR::??INTVEC 51
                                   00000033 
    -------------------------------------------------------------------------
INTVEC
  Common segment, address: CODE 00000000 - 0000006D (0x6e bytes), align: 0
  Segment part 23. ROOT.
           ENTRY                   ADDRESS         REF BY
           =====                   =======         ======
           port0_ISR::??INTVEC 107
                                   0000006B 
    -------------------------------------------------------------------------
INTVEC
  Common segment, address: CODE 00000000 - 0000007D (0x7e bytes), align: 0
  Segment part 24. ROOT.
           ENTRY                   ADDRESS         REF BY
           =====                   =======         ======
           port1_ISR::??INTVEC 123
                                   0000007B 

    *************************************************************************

  FILE NAME : C:\Users\calplug-fileserver\Desktop\New Workspace\ide\srf05_cc2530_91\iar\temp\per_test\hal_int.r51
  PROGRAM MODULE, NAME : hal_int

  SEGMENTS IN THE MODULE
  ======================
<BANKED_CODE> 1 (was BANKED_CODE)
  Relative segment, address: CODE 00002D9F - 00002DA3 (0x5 bytes), align: 0
  Segment part 7.             Intra module refs:   halIntOn::?relay
           ENTRY                   ADDRESS         REF BY
           =====                   =======         ======
           halIntOn                00002D9F 
    -------------------------------------------------------------------------
BANK_RELAYS
  Relative segment, address: CODE 000002B2 - 000002B7 (0x6 bytes), align: 0
  Segment part 8.
           ENTRY                   ADDRESS         REF BY
           =====                   =======         ======
           halIntOn::?relay        000002B2        halBoardInit (hal_board)

    *************************************************************************

  FILE NAME : C:\Users\calplug-fileserver\Desktop\New Workspace\ide\srf05_cc2530_91\iar\temp\per_test\hal_joystick.r51
  PROGRAM MODULE, NAME : hal_joystick

  SEGMENTS IN THE MODULE
  ======================

    *************************************************************************

  FILE NAME : C:\Users\calplug-fileserver\Desktop\New Workspace\ide\srf05_cc2530_91\iar\temp\per_test\hal_lcd_srf05.r51
  PROGRAM MODULE, NAME : hal_lcd_srf05

  SEGMENTS IN THE MODULE
  ======================
SFR_AN
  Relative segment, address: DATA 000000F9 - 000000F9 (0x1 bytes), align: 0
  Segment part 6. ROOT.       Intra module refs:   lcdControl
                                                   lcdWrite
                                                   lcdWriteMany
           ENTRY                   ADDRESS         REF BY
           =====                   =======         ======
           U1DBUF                  000000F9 
    -------------------------------------------------------------------------
XDATA_Z
  Relative segment, address: XDATA 0000012B - 0000013A (0x10 bytes), align: 0
  Segment part 14.            Intra module refs:   ?Subroutine8
                                                   halLcdWriteLine
           LOCAL                   ADDRESS         
           =====                   =======         
           pLcdLineBuffer          0000012B 
    -------------------------------------------------------------------------
<BANKED_CODE> 1 (was BANKED_CODE)
  Relative segment, address: CODE 000024FA - 00002509 (0x10 bytes), align: 0
  Segment part 17.            Intra module refs:   lcdControl::?relay
           LOCAL                   ADDRESS         
           =====                   =======         
           lcdControl              000024FA 
               XSTACK = 0000000C ( 00000000 )
    -------------------------------------------------------------------------
<BANKED_CODE> 1 (was BANKED_CODE)
  Relative segment, address: CODE 0000250A - 0000250E (0x5 bytes), align: 0
  Segment part 19.            Intra module refs:   lcdControl
                                                   lcdWrite
           LOCAL                   ADDRESS         
           =====                   =======         
           ?Subroutine1            0000250A 
    -------------------------------------------------------------------------
<BANKED_CODE> 1 (was BANKED_CODE)
  Relative segment, address: CODE 0000250F - 00002520 (0x12 bytes), align: 0
  Segment part 20.            Intra module refs:   lcdWrite::?relay
           LOCAL                   ADDRESS         
           =====                   =======         
           lcdWrite                0000250F 
               XSTACK = 0000000C ( 00000000 )
    -------------------------------------------------------------------------
<BANKED_CODE> 1 (was BANKED_CODE)
  Relative segment, address: CODE 00002521 - 00002552 (0x32 bytes), align: 0
  Segment part 22.            Intra module refs:   lcdWriteMany::?relay
           LOCAL                   ADDRESS         
           =====                   =======         
           lcdWriteMany            00002521 
               XSTACK = 00000009 ( 00000000 )
               ISTACK = 00000000 ( 00000002 )
    -------------------------------------------------------------------------
<BANKED_CODE> 1 (was BANKED_CODE)
  Relative segment, address: CODE 00002553 - 00002559 (0x7 bytes), align: 0
  Segment part 24.            Intra module refs:   halLcdInit
                                                   lcdWriteMany
           LOCAL                   ADDRESS         
           =====                   =======         
           ?Subroutine0            00002553 
    -------------------------------------------------------------------------
<BANKED_CODE> 1 (was BANKED_CODE)
  Relative segment, address: CODE 0000255A - 0000257E (0x25 bytes), align: 0
  Segment part 25.            Intra module refs:   lcdWriteLine::?relay
           LOCAL                   ADDRESS         
           =====                   =======         
           lcdWriteLine            0000255A 
               calls direct
               XSTACK = 00000010 ( 00000009 )
    -------------------------------------------------------------------------
<BANKED_CODE> 1 (was BANKED_CODE)
  Relative segment, address: CODE 0000257F - 00002586 (0x8 bytes), align: 0
  Segment part 28.            Intra module refs:   halLcdSetContrast
    -------------------------------------------------------------------------
<BANKED_CODE> 1 (was BANKED_CODE)
  Relative segment, address: CODE 00002587 - 0000258B (0x5 bytes), align: 0
  Segment part 29.            Intra module refs:   Segment part 28
                                                   halLcdClear
                                                   halLcdClearAllSpecChars
                                                   halLcdWriteLines
                                                   lcdWriteLine
    -------------------------------------------------------------------------
<BANKED_CODE> 1 (was BANKED_CODE)
  Relative segment, address: CODE 0000258C - 000025CD (0x42 bytes), align: 0
  Segment part 30.            Intra module refs:   halLcdInit::?relay
           ENTRY                   ADDRESS         REF BY
           =====                   =======         ======
           halLcdInit              0000258C 
               calls direct
               ISTACK = 00000000 ( 00000002 )
    -------------------------------------------------------------------------
<BANKED_CODE> 1 (was BANKED_CODE)
  Relative segment, address: CODE 000025CE - 000025E4 (0x17 bytes), align: 0
  Segment part 32.            Intra module refs:   halLcdClear::?relay
           ENTRY                   ADDRESS         REF BY
           =====                   =======         ======
           halLcdClear             000025CE 
               calls direct
               XSTACK = 00000000 ( 00000009 )
    -------------------------------------------------------------------------
<BANKED_CODE> 1 (was BANKED_CODE)
  Relative segment, address: CODE 000025E5 - 000025EF (0xb bytes), align: 0
  Segment part 34.            Intra module refs:   halLcdSetContrast::?relay
           ENTRY                   ADDRESS         REF BY
           =====                   =======         ======
           halLcdSetContrast       000025E5 
               calls direct
               XSTACK = 00000000 ( 00000009 )
    -------------------------------------------------------------------------
<BANKED_CODE> 1 (was BANKED_CODE)
  Relative segment, address: CODE 000025F0 - 000025F4 (0x5 bytes), align: 0
  Segment part 36.            Intra module refs:   halLcdGetLineLength::?relay
           ENTRY                   ADDRESS         REF BY
           =====                   =======         ======
           halLcdGetLineLength     000025F0 
    -------------------------------------------------------------------------
<BANKED_CODE> 1 (was BANKED_CODE)
  Relative segment, address: CODE 000025F5 - 00002633 (0x3f bytes), align: 0
  Segment part 42.            Intra module refs:   halLcdWriteLine::?relay
           ENTRY                   ADDRESS         REF BY
           =====                   =======         ======
           halLcdWriteLine         000025F5 
               calls direct
               XSTACK = 00000009 ( 0000000A )
               ISTACK = 00000000 ( 00000001 )
    -------------------------------------------------------------------------
<BANKED_CODE> 1 (was BANKED_CODE)
  Relative segment, address: CODE 00002634 - 00002668 (0x35 bytes), align: 0
  Segment part 44.            Intra module refs:   halLcdWriteLines::?relay
           ENTRY                   ADDRESS         REF BY
           =====                   =======         ======
           halLcdWriteLines        00002634 
               calls direct
               XSTACK = 00000002 ( 00000009 )
    -------------------------------------------------------------------------
<BANKED_CODE> 1 (was BANKED_CODE)
  Relative segment, address: CODE 00002669 - 0000266C (0x4 bytes), align: 0
  Segment part 49.            Intra module refs:   halLcdWriteLine
    -------------------------------------------------------------------------
<BANKED_CODE> 1 (was BANKED_CODE)
  Relative segment, address: CODE 0000266D - 00002679 (0xd bytes), align: 0
  Segment part 50.            Intra module refs:   Segment part 49
                                                   Segment part 52
           LOCAL                   ADDRESS         
           =====                   =======         
           ?Subroutine8            0000266D 
    -------------------------------------------------------------------------
<BANKED_CODE> 1 (was BANKED_CODE)
  Relative segment, address: CODE 0000267A - 00002680 (0x7 bytes), align: 0
  Segment part 52.            Intra module refs:   halLcdWriteLine
    -------------------------------------------------------------------------
<BANKED_CODE> 1 (was BANKED_CODE)
  Relative segment, address: CODE 00002681 - 00002698 (0x18 bytes), align: 0
  Segment part 60.            Intra module refs:   halLcdClearAllSpecChars::?relay
           ENTRY                   ADDRESS         REF BY
           =====                   =======         ======
           halLcdClearAllSpecChars
                                   00002681 
               calls direct
               XSTACK = 00000000 ( 00000009 )
    -------------------------------------------------------------------------
BANK_RELAYS
  Relative segment, address: CODE 000002B8 - 000002BD (0x6 bytes), align: 0
  Segment part 18.            Intra module refs:   Segment part 28
                                                   halLcdClear
                                                   halLcdClearAllSpecChars
                                                   halLcdInit
                                                   lcdWriteLine
           LOCAL                   ADDRESS         
           =====                   =======         
           lcdControl::?relay      000002B8 
    -------------------------------------------------------------------------
BANK_RELAYS
  Relative segment, address: CODE 000002BE - 000002C3 (0x6 bytes), align: 0
  Segment part 21.            Intra module refs:   Segment part 28
                                                   halLcdClear
                                                   halLcdClearAllSpecChars
           LOCAL                   ADDRESS         
           =====                   =======         
           lcdWrite::?relay        000002BE 
    -------------------------------------------------------------------------
BANK_RELAYS
  Relative segment, address: CODE 000002C4 - 000002C9 (0x6 bytes), align: 0
  Segment part 23.            Intra module refs:   lcdWriteLine
           LOCAL                   ADDRESS         
           =====                   =======         
           lcdWriteMany::?relay    000002C4 
    -------------------------------------------------------------------------
BANK_RELAYS
  Relative segment, address: CODE 000002CA - 000002CF (0x6 bytes), align: 0
  Segment part 26.            Intra module refs:   halLcdWriteLine
           LOCAL                   ADDRESS         
           =====                   =======         
           lcdWriteLine::?relay    000002CA 
    -------------------------------------------------------------------------
BANK_RELAYS
  Relative segment, address: CODE 000002D0 - 000002D5 (0x6 bytes), align: 0
  Segment part 31.
           ENTRY                   ADDRESS         REF BY
           =====                   =======         ======
           halLcdInit::?relay      000002D0        halBoardInit (hal_board)
    -------------------------------------------------------------------------
BANK_RELAYS
  Relative segment, address: CODE 000002D6 - 000002DB (0x6 bytes), align: 0
  Segment part 33.            Intra module refs:   halLcdInit
           ENTRY                   ADDRESS         REF BY
           =====                   =======         ======
           halLcdClear::?relay     000002D6        main (per_test)
    -------------------------------------------------------------------------
BANK_RELAYS
  Relative segment, address: CODE 000002DC - 000002E1 (0x6 bytes), align: 0
  Segment part 35.            Intra module refs:   halLcdInit
           ENTRY                   ADDRESS         REF BY
           =====                   =======         ======
           halLcdSetContrast::?relay
                                   000002DC 
    -------------------------------------------------------------------------
BANK_RELAYS
  Relative segment, address: CODE 000002E2 - 000002E7 (0x6 bytes), align: 0
  Segment part 37.
           ENTRY                   ADDRESS         REF BY
           =====                   =======         ======
           halLcdGetLineLength::?relay
                                   000002E2        utilLcdDisplayCounters (util_lcd)
    -------------------------------------------------------------------------
BANK_RELAYS
  Relative segment, address: CODE 000002E8 - 000002ED (0x6 bytes), align: 0
  Segment part 43.            Intra module refs:   halLcdWriteLines
           ENTRY                   ADDRESS         REF BY
           =====                   =======         ======
           halLcdWriteLine::?relay
                                   000002E8        utilLcdDisplayCounters (util_lcd)
    -------------------------------------------------------------------------
BANK_RELAYS
  Relative segment, address: CODE 000002EE - 000002F3 (0x6 bytes), align: 0
  Segment part 45.
           ENTRY                   ADDRESS         REF BY
           =====                   =======         ======
           halLcdWriteLines::?relay
                                   000002EE        determineWaveform (per_test)
                                                   main (per_test)
    -------------------------------------------------------------------------
BANK_RELAYS
  Relative segment, address: CODE 000002F4 - 000002F9 (0x6 bytes), align: 0
  Segment part 61.            Intra module refs:   halLcdInit
           ENTRY                   ADDRESS         REF BY
           =====                   =======         ======
           halLcdClearAllSpecChars::?relay
                                   000002F4 

    *************************************************************************

  FILE NAME : C:\Users\calplug-fileserver\Desktop\New Workspace\ide\srf05_cc2530_91\iar\temp\per_test\hal_led.r51
  PROGRAM MODULE, NAME : hal_led

  SEGMENTS IN THE MODULE
  ======================
XDATA_Z
  Relative segment, address: XDATA 0000013B - 0000013B (0x1 bytes), align: 0
  Segment part 8.             Intra module refs:   halLedClear
                                                   halLedSet
                                                   halLedToggle
           ENTRY                   ADDRESS         REF BY
           =====                   =======         ======
           led4State               0000013B        halButtonPushed (hal_button)
    -------------------------------------------------------------------------
<BANKED_CODE> 1 (was BANKED_CODE)
  Relative segment, address: CODE 00002AE7 - 00002B0D (0x27 bytes), align: 0
  Segment part 9.             Intra module refs:   halLedSet::?relay
           ENTRY                   ADDRESS         REF BY
           =====                   =======         ======
           halLedSet               00002AE7 
               ISTACK = 00000000 ( 00000002 )
    -------------------------------------------------------------------------
<BANKED_CODE> 1 (was BANKED_CODE)
  Relative segment, address: CODE 00002B0E - 00002B14 (0x7 bytes), align: 0
  Segment part 11.            Intra module refs:   halLedClear
                                                   halLedSet
                                                   halLedToggle
           LOCAL                   ADDRESS         
           =====                   =======         
           ?Subroutine0            00002B0E 
    -------------------------------------------------------------------------
<BANKED_CODE> 1 (was BANKED_CODE)
  Relative segment, address: CODE 00002B15 - 00002B3C (0x28 bytes), align: 0
  Segment part 12.            Intra module refs:   halLedClear::?relay
           ENTRY                   ADDRESS         REF BY
           =====                   =======         ======
           halLedClear             00002B15 
               ISTACK = 00000000 ( 00000002 )
    -------------------------------------------------------------------------
<BANKED_CODE> 1 (was BANKED_CODE)
  Relative segment, address: CODE 00002B3D - 00002B6A (0x2e bytes), align: 0
  Segment part 14.            Intra module refs:   halLedToggle::?relay
           ENTRY                   ADDRESS         REF BY
           =====                   =======         ======
           halLedToggle            00002B3D 
               ISTACK = 00000000 ( 00000002 )
    -------------------------------------------------------------------------
BANK_RELAYS
  Relative segment, address: CODE 000002FA - 000002FF (0x6 bytes), align: 0
  Segment part 10.
           ENTRY                   ADDRESS         REF BY
           =====                   =======         ======
           halLedSet::?relay       000002FA        main (per_test)
    -------------------------------------------------------------------------
BANK_RELAYS
  Relative segment, address: CODE 00000300 - 00000305 (0x6 bytes), align: 0
  Segment part 13.
           ENTRY                   ADDRESS         REF BY
           =====                   =======         ======
           halLedClear::?relay     00000300        main (per_test)
    -------------------------------------------------------------------------
BANK_RELAYS
  Relative segment, address: CODE 00000306 - 0000030B (0x6 bytes), align: 0
  Segment part 15.
           ENTRY                   ADDRESS         REF BY
           =====                   =======         ======
           halLedToggle::?relay    00000306        halAssertHandler (hal_assert)

    *************************************************************************

  FILE NAME : C:\Users\calplug-fileserver\Desktop\New Workspace\ide\srf05_cc2530_91\iar\temp\per_test\hal_mcu.r51
  PROGRAM MODULE, NAME : hal_mcu

  SEGMENTS IN THE MODULE
  ======================
SFR_AN
  Relative segment, address: DATA 000000C9 - 000000C9 (0x1 bytes), align: 0
  Segment part 1. ROOT.
           ENTRY                   ADDRESS         REF BY
           =====                   =======         ======
           WDCTL                   000000C9 
    -------------------------------------------------------------------------
<BANKED_CODE> 1 (was BANKED_CODE)
  Relative segment, address: CODE 00002B6B - 00002B92 (0x28 bytes), align: 0
  Segment part 7.             Intra module refs:   halMcuInit::?relay
           ENTRY                   ADDRESS         REF BY
           =====                   =======         ======
           halMcuInit              00002B6B 
               calls direct
               ISTACK = 00000000 ( 00000002 )
    -------------------------------------------------------------------------
<BANKED_CODE> 1 (was BANKED_CODE)
  Relative segment, address: CODE 00002B93 - 00002BBF (0x2d bytes), align: 0
  Segment part 9.             Intra module refs:   halMcuWaitUs::?relay
           ENTRY                   ADDRESS         REF BY
           =====                   =======         ======
           halMcuWaitUs            00002B93 
               XSTACK = 00000009 ( 00000000 )
    -------------------------------------------------------------------------
<BANKED_CODE> 1 (was BANKED_CODE)
  Relative segment, address: CODE 00002BC0 - 00002BE6 (0x27 bytes), align: 0
  Segment part 11.            Intra module refs:   halMcuWaitMs::?relay
           ENTRY                   ADDRESS         REF BY
           =====                   =======         ======
           halMcuWaitMs            00002BC0 
               calls direct
               XSTACK = 00000000 ( 00000009 )
    -------------------------------------------------------------------------
BANK_RELAYS
  Relative segment, address: CODE 0000030C - 00000311 (0x6 bytes), align: 0
  Segment part 8.
           ENTRY                   ADDRESS         REF BY
           =====                   =======         ======
           halMcuInit::?relay      0000030C        halBoardInit (hal_board)
    -------------------------------------------------------------------------
BANK_RELAYS
  Relative segment, address: CODE 00000312 - 00000317 (0x6 bytes), align: 0
  Segment part 10.            Intra module refs:   halMcuWaitMs
           ENTRY                   ADDRESS         REF BY
           =====                   =======         ======
           halMcuWaitUs::?relay    00000312        main (per_test)
    -------------------------------------------------------------------------
BANK_RELAYS
  Relative segment, address: CODE 00000318 - 0000031D (0x6 bytes), align: 0
  Segment part 12.
           ENTRY                   ADDRESS         REF BY
           =====                   =======         ======
           halMcuWaitMs::?relay    00000318        halAssertHandler (hal_assert)
                                                   halLcdInit (hal_lcd_srf05)
                                                   main (per_test)

    *************************************************************************

  FILE NAME : C:\Users\calplug-fileserver\Desktop\New Workspace\ide\srf05_cc2530_91\iar\temp\per_test\hal_rf.r51
  PROGRAM MODULE, NAME : hal_rf

  SEGMENTS IN THE MODULE
  ======================
SFR_AN
  Relative segment, address: DATA 00000091 - 00000091 (0x1 bytes), align: 0
  Segment part 2. ROOT.
           ENTRY                   ADDRESS         REF BY
           =====                   =======         ======
           RFIRQF1                 00000091 
    -------------------------------------------------------------------------
SFR_AN
  Relative segment, address: DATA 0000009B - 0000009B (0x1 bytes), align: 0
  Segment part 4. ROOT.       Intra module refs:   rfIsr
           ENTRY                   ADDRESS         REF BY
           =====                   =======         ======
           S1CON                   0000009B 
    -------------------------------------------------------------------------
SFR_AN
  Relative segment, address: DATA 000000D9 - 000000D9 (0x1 bytes), align: 0
  Segment part 6. ROOT.
           ENTRY                   ADDRESS         REF BY
           =====                   =======         ======
           RFD                     000000D9 
    -------------------------------------------------------------------------
SFR_AN
  Relative segment, address: DATA 000000E1 - 000000E1 (0x1 bytes), align: 0
  Segment part 7. ROOT.
           ENTRY                   ADDRESS         REF BY
           =====                   =======         ======
           RFST                    000000E1 
    -------------------------------------------------------------------------
SFR_AN
  Relative segment, address: DATA 000000E9 - 000000E9 (0x1 bytes), align: 0
  Segment part 8. ROOT.       Intra module refs:   rfIsr
           ENTRY                   ADDRESS         REF BY
           =====                   =======         ======
           RFIRQF0                 000000E9 
    -------------------------------------------------------------------------
XDATA_Z
  Relative segment, address: XDATA 0000013C - 0000013D (0x2 bytes), align: 0
  Segment part 30.            Intra module refs:   rfIsr
           LOCAL                   ADDRESS         
           =====                   =======         
           pfISR                   0000013C 
    -------------------------------------------------------------------------
NEAR_CODE
  Relative segment, address: CODE 00001042 - 00001079 (0x38 bytes), align: 0
  Segment part 88.            Intra module refs:   rfIsr::??INTVEC 131
           ENTRY                   ADDRESS         REF BY
           =====                   =======         ======
           rfIsr                   00001042 
               interrupt function
               XSTACK = 00000000 ( 0000000E )
    -------------------------------------------------------------------------
INTVEC
  Common segment, address: CODE 00000000 - 00000085 (0x86 bytes), align: 0
  Segment part 10. ROOT.
           ENTRY                   ADDRESS         REF BY
           =====                   =======         ======
           rfIsr::??INTVEC 131     00000083 

    *************************************************************************

  FILE NAME : C:\Users\calplug-fileserver\Desktop\New Workspace\ide\srf05_cc2530_91\iar\temp\per_test\hal_timer_32k.r51
  PROGRAM MODULE, NAME : hal_timer_32k

  SEGMENTS IN THE MODULE
  ======================
SFR_AN
  Relative segment, address: DATA 000000AF - 000000AF (0x1 bytes), align: 0
  Segment part 2. ROOT.
           ENTRY                   ADDRESS         REF BY
           =====                   =======         ======
           T1STAT                  000000AF 
    -------------------------------------------------------------------------
SFR_AN
  Relative segment, address: DATA 000000DA - 000000DA (0x1 bytes), align: 0
  Segment part 4. ROOT.
           ENTRY                   ADDRESS         REF BY
           =====                   =======         ======
           T1CC0L                  000000DA 
    -------------------------------------------------------------------------
SFR_AN
  Relative segment, address: DATA 000000DB - 000000DB (0x1 bytes), align: 0
  Segment part 5. ROOT.
           ENTRY                   ADDRESS         REF BY
           =====                   =======         ======
           T1CC0H                  000000DB 
    -------------------------------------------------------------------------
SFR_AN
  Relative segment, address: DATA 000000E2 - 000000E2 (0x1 bytes), align: 0
  Segment part 6. ROOT.
           ENTRY                   ADDRESS         REF BY
           =====                   =======         ======
           T1CNTL                  000000E2 
    -------------------------------------------------------------------------
SFR_AN
  Relative segment, address: DATA 000000E4 - 000000E4 (0x1 bytes), align: 0
  Segment part 7. ROOT.
           ENTRY                   ADDRESS         REF BY
           =====                   =======         ======
           T1CTL                   000000E4 
    -------------------------------------------------------------------------
SFR_AN
  Relative segment, address: DATA 000000E5 - 000000E5 (0x1 bytes), align: 0
  Segment part 8. ROOT.
           ENTRY                   ADDRESS         REF BY
           =====                   =======         ======
           T1CCTL0                 000000E5 
    -------------------------------------------------------------------------
XDATA_Z
  Relative segment, address: XDATA 0000013E - 0000013F (0x2 bytes), align: 0
  Segment part 15.            Intra module refs:   T1_ISR
           LOCAL                   ADDRESS         
           =====                   =======         
           fptr                    0000013E 
    -------------------------------------------------------------------------
NEAR_CODE
  Relative segment, address: CODE 0000107A - 00001099 (0x20 bytes), align: 0
  Segment part 26.            Intra module refs:   T1_ISR::??INTVEC 75
           ENTRY                   ADDRESS         REF BY
           =====                   =======         ======
           T1_ISR                  0000107A 
               interrupt function
               XSTACK = 00000000 ( 0000000E )
    -------------------------------------------------------------------------
INTVEC
  Common segment, address: CODE 00000000 - 0000004D (0x4e bytes), align: 0
  Segment part 9. ROOT.
           ENTRY                   ADDRESS         REF BY
           =====                   =======         ======
           T1_ISR::??INTVEC 75     0000004B 

    *************************************************************************

  FILE NAME : C:\Users\calplug-fileserver\Desktop\New Workspace\ide\srf05_cc2530_91\iar\temp\per_test\per_test.r51
  PROGRAM MODULE, NAME : per_test

  SEGMENTS IN THE MODULE
  ======================
XDATA_Z
  Relative segment, address: XDATA 00000140 - 00000140 (0x1 bytes), align: 0
  Segment part 62.            Intra module refs:   main
[...]
  Segment part 7.             Intra module refs:   __Constant_4b189680
    -------------------------------------------------------------------------
BANK_RELAYS
  Relative segment, address: CODE 00000354 - 00000359 (0x6 bytes), align: 0
  Segment part 9.
           ENTRY                   ADDRESS         REF BY
           =====                   =======         ======
           modf::?relay            00000354        __sinus (?sinus)

    -------------------------------------------------------------------------
  LIBRARY MODULE, NAME : ?sin

  SEGMENTS IN THE MODULE
  ======================
<BANKED_CODE> 1 (was BANKED_CODE)
  Relative segment, address: CODE 00002D90 - 00002D9E (0xf bytes), align: 0
  Segment part 6.             Intra module refs:   sin::?relay
           ENTRY                   ADDRESS         REF BY
           =====                   =======         ======
           sin                     00002D90 
               calls direct
               XSTACK = 00000000 ( 0000000C )
    -------------------------------------------------------------------------
BANK_RELAYS
  Relative segment, address: CODE 0000035A - 0000035F (0x6 bytes), align: 0
  Segment part 7.
           ENTRY                   ADDRESS         REF BY
           =====                   =======         ======
           sin::?relay             0000035A        dft180 (per_test)
                                                   dft300 (per_test)

    -------------------------------------------------------------------------
  LIBRARY MODULE, NAME : ?sinus

  SEGMENTS IN THE MODULE
  ======================
<BANKED_CODE> 1 (was BANKED_CODE)
  Relative segment, address: CODE 0000225D - 000024F9 (0x29d bytes), align: 0
  Segment part 26.            Intra module refs:   __sinus::?relay
           ENTRY                   ADDRESS         REF BY
           =====                   =======         ======
           __sinus                 0000225D 
               calls direct
               XSTACK = 00000000 ( 0000001F )
               ISTACK = 00000000 ( 00000004 )
    -------------------------------------------------------------------------
XDATA_I
  Relative segment, address: XDATA 000006F7 - 000006FA (0x4 bytes), align: 0
  Segment part 8.             Intra module refs:   __sinus
           ENTRY                   ADDRESS         REF BY
           =====                   =======         ======
           __Constant_3f22f983     000006F7 
    -------------------------------------------------------------------------
XDATA_ID
  Relative segment, address: CODE 0000025A - 0000025D (0x4 bytes), align: 0
  Segment part 9.             Intra module refs:   __Constant_3f22f983
    -------------------------------------------------------------------------
XDATA_I
  Relative segment, address: XDATA 000006FB - 000006FE (0x4 bytes), align: 0
  Segment part 10.            Intra module refs:   __sinus
           ENTRY                   ADDRESS         REF BY
           =====                   =======         ======
           __Constant_477ffc01     000006FB 
    -------------------------------------------------------------------------
XDATA_ID
  Relative segment, address: CODE 0000025E - 00000261 (0x4 bytes), align: 0
  Segment part 11.            Intra module refs:   __Constant_477ffc01
    -------------------------------------------------------------------------
XDATA_I
  Relative segment, address: XDATA 000006FF - 00000702 (0x4 bytes), align: 0
  Segment part 12.            Intra module refs:   __sinus
                                                   sqrt (?sqrt)
           ENTRY                   ADDRESS         REF BY
           =====                   =======         ======
           __Constant_3e800000     000006FF 
    -------------------------------------------------------------------------
XDATA_ID
  Relative segment, address: CODE 00000262 - 00000265 (0x4 bytes), align: 0
  Segment part 13.            Intra module refs:   __Constant_3e800000
    -------------------------------------------------------------------------
XDATA_I
  Relative segment, address: XDATA 00000703 - 00000706 (0x4 bytes), align: 0
  Segment part 14.            Intra module refs:   __sinus
           ENTRY                   ADDRESS         REF BY
           =====                   =======         ======
           __Constant_40800000     00000703 
    -------------------------------------------------------------------------
XDATA_ID
  Relative segment, address: CODE 00000266 - 00000269 (0x4 bytes), align: 0
  Segment part 15.            Intra module refs:   __Constant_40800000
    -------------------------------------------------------------------------
XDATA_I
  Relative segment, address: XDATA 00000707 - 0000070A (0x4 bytes), align: 0
  Segment part 16.            Intra module refs:   __sinus
           ENTRY                   ADDRESS         REF BY
           =====                   =======         ======
           __Constant_391ed7fb     00000707 
    -------------------------------------------------------------------------
XDATA_ID
  Relative segment, address: CODE 0000026A - 0000026D (0x4 bytes), align: 0
  Segment part 17.            Intra module refs:   __Constant_391ed7fb
    -------------------------------------------------------------------------
XDATA_I
  Relative segment, address: XDATA 0000070B - 0000070E (0x4 bytes), align: 0
  Segment part 18.            Intra module refs:   __sinus
           ENTRY                   ADDRESS         REF BY
           =====                   =======         ======
           __Constant_bb992665     0000070B 
    -------------------------------------------------------------------------
XDATA_ID
  Relative segment, address: CODE 0000026E - 00000271 (0x4 bytes), align: 0
  Segment part 19.            Intra module refs:   __Constant_bb992665
    -------------------------------------------------------------------------
XDATA_I
  Relative segment, address: XDATA 0000070F - 00000712 (0x4 bytes), align: 0
  Segment part 20.            Intra module refs:   __sinus
           ENTRY                   ADDRESS         REF BY
           =====                   =======         ======
           __Constant_3da33458     0000070F 
    -------------------------------------------------------------------------
XDATA_ID
  Relative segment, address: CODE 00000272 - 00000275 (0x4 bytes), align: 0
  Segment part 21.            Intra module refs:   __Constant_3da33458
    -------------------------------------------------------------------------
XDATA_I
  Relative segment, address: XDATA 00000713 - 00000716 (0x4 bytes), align: 0
  Segment part 22.            Intra module refs:   __sinus
           ENTRY                   ADDRESS         REF BY
           =====                   =======         ======
           __Constant_bf255de1     00000713 
    -------------------------------------------------------------------------
XDATA_ID
  Relative segment, address: CODE 00000276 - 00000279 (0x4 bytes), align: 0
  Segment part 23.            Intra module refs:   __Constant_bf255de1
    -------------------------------------------------------------------------
XDATA_I
  Relative segment, address: XDATA 00000717 - 0000071A (0x4 bytes), align: 0
  Segment part 24.            Intra module refs:   __sinus
           ENTRY                   ADDRESS         REF BY
           =====                   =======         ======
           __Constant_3fc90fdb     00000717 
    -------------------------------------------------------------------------
XDATA_ID
  Relative segment, address: CODE 0000027A - 0000027D (0x4 bytes), align: 0
  Segment part 25.            Intra module refs:   __Constant_3fc90fdb
    -------------------------------------------------------------------------
BANK_RELAYS
  Relative segment, address: CODE 00000360 - 00000365 (0x6 bytes), align: 0
  Segment part 27.
           ENTRY                   ADDRESS         REF BY
           =====                   =======         ======
           __sinus::?relay         00000360        cos (?cos)
                                                   sin (?sin)

    -------------------------------------------------------------------------
  LIBRARY MODULE, NAME : ?sqrt

  SEGMENTS IN THE MODULE
  ======================
<BANKED_CODE> 1 (was BANKED_CODE)
  Relative segment, address: CODE 00002699 - 00002828 (0x190 bytes), align: 0
  Segment part 18.            Intra module refs:   sqrt::?relay
           ENTRY                   ADDRESS         REF BY
           =====                   =======         ======
           sqrt                    00002699 
               calls direct
               XSTACK = 00000000 ( 0000001C )
               ISTACK = 00000000 ( 00000004 )
    -------------------------------------------------------------------------
XDATA_I
  Relative segment, address: XDATA 0000071B - 0000071E (0x4 bytes), align: 0
  Segment part 6.             Intra module refs:   sqrt
           ENTRY                   ADDRESS         REF BY
           =====                   =======         ======
           __Constant_1            0000071B 
    -------------------------------------------------------------------------
XDATA_ID
  Relative segment, address: CODE 0000027E - 00000281 (0x4 bytes), align: 0
  Segment part 7.             Intra module refs:   __Constant_1
    -------------------------------------------------------------------------
XDATA_I
  Relative segment, address: XDATA 0000071F - 00000722 (0x4 bytes), align: 0
  Segment part 10.            Intra module refs:   sqrt
           ENTRY                   ADDRESS         REF BY
           =====                   =======         ======
           __Constant_3f4203c5     0000071F 
    -------------------------------------------------------------------------
XDATA_ID
  Relative segment, address: CODE 00000282 - 00000285 (0x4 bytes), align: 0
  Segment part 11.            Intra module refs:   __Constant_3f4203c5
    -------------------------------------------------------------------------
XDATA_I
  Relative segment, address: XDATA 00000723 - 00000726 (0x4 bytes), align: 0
  Segment part 12.            Intra module refs:   sqrt
           ENTRY                   ADDRESS         REF BY
           =====                   =======         ======
           __Constant_3f12511a     00000723 
    -------------------------------------------------------------------------
XDATA_ID
  Relative segment, address: CODE 00000286 - 00000289 (0x4 bytes), align: 0
  Segment part 13.            Intra module refs:   __Constant_3f12511a
    -------------------------------------------------------------------------
XDATA_I
  Relative segment, address: XDATA 00000727 - 0000072A (0x4 bytes), align: 0
  Segment part 14.            Intra module refs:   sqrt
           ENTRY                   ADDRESS         REF BY
           =====                   =======         ======
           __Constant_3fb504f3     00000727 
    -------------------------------------------------------------------------
XDATA_ID
  Relative segment, address: CODE 0000028A - 0000028D (0x4 bytes), align: 0
  Segment part 15.            Intra module refs:   __Constant_3fb504f3
    -------------------------------------------------------------------------
BANK_RELAYS
  Relative segment, address: CODE 00000366 - 0000036B (0x6 bytes), align: 0
  Segment part 19.
           ENTRY                   ADDRESS         REF BY
           =====                   =======         ======
           sqrt::?relay            00000366        dft180 (per_test)
                                                   dft300 (per_test)

    -------------------------------------------------------------------------
  LIBRARY MODULE, NAME : ?low_level_init

  SEGMENTS IN THE MODULE
  ======================
CSTART
  Relative segment, address: CODE 00000113 - 00000115 (0x3 bytes), align: 0
  Segment part 6. ROOT.
           ENTRY                   ADDRESS         REF BY
           =====                   =======         ======
           __low_level_init        00000113        __low_level_init_call (?cmain)




                ****************************************
                *                                      *
                *            MODULE SUMMARY            *
                *                                      *
                ****************************************

Module                     CODE      DATA      XDATA  IDATA    BIT
------                     ----      ----      -----  -----    ---
                          (Rel)  (Rel)  (Abs)  (Rel)  (Rel)  (Rel)
?ADD_XSTACK_DISP8            27
?ALLOC_XSTACK8               22
?BANKED_CODE_SUPPORT         30
?BANKED_ENTER_XDATA         108
?BANKED_LEAVE_XDATA          70
?CALL_IND                     2
?DEALLOC_XSTACK8             26
?FLT_ADD                    575
?FLT_DIV                    486
?FLT_EQ                      44
?FLT_GE                      79
?FLT_LT                      76
?FLT_MUL                    384
?FLT_TEST_INF                21
?FLT_TEST_INF_R1             21
?FLT_TEST_NAN                15
?FLT_TEST_NAN_R1             15
?FLT_TEST_ZERO               10
?FLT_TEST_ZERO_R1            10
?FLT_TO_L                   143
?INTERRUPT_ENTER_XSP         95
?INTERRUPT_LEAVE_XSP         88
?L_DIV_MOD                   87
?L_MOV_TO_X                  15
?L_MOV_X                     15
?L_NEG                       20
?L_NEG_R1                    17
?L_TO_FLT                   120
?MOVE_LONG8_XDATA_IDATA      13
?PUSH_XSTACK_I               23
?SC_DIV_MOD                  34
?SL_GT_X                     21
?S_DIV_MOD                  154
?S_SHL                       19
?UL_DIV_MOD                 112
?XLOAD_R2345                 12
?XSTACK_DISP8                10
?XSTORE_R2345                12
?cexit                        5
?cmain                       88
?cos                         25
?errno                                             2
?frexp                      103
?low_level_init               3
?modf                       166                    4
?sin                         21
?sinus                      711                   32
  + shared                                         4
?sqrt                       422                   16
CSTARTUP                     18
  + common                    3
VIRTUAL_REGISTERS                    2                           8
adc                                         1
  + shared                                  4
clock                       105             3
  + shared                                  1
hal_assert                   39
hal_board                   116             5
  + shared                                 11
hal_button                   85
hal_digio                   285             9     42
  + shared                  126             4
  + common
hal_int                      11
hal_lcd_srf05               481             1     16
hal_led                     150                    1
hal_mcu                     142             1
hal_rf                       56             5      2
  + common                  134
hal_timer_32k                32             6      2
  + common                   78
per_test                  4 893                1 421
  + shared                                         4
util                        286                   16
util_lcd                    276                   16
N/A (command line)                  16           256     64
N/A (alignment)
----------               ------     --     --  -----     --      -
Total:                   11 550     18     51  1 834     64      8
  + common                  134


                ****************************************
                *                                      *
                *      SEGMENTS IN ADDRESS ORDER       *
                *                                      *
                ****************************************


SEGMENT              SPACE    START ADDRESS   END ADDRESS     SIZE  TYPE  ALIGN
=======              =====    =============   ===========     ====  ====  =====
INTVEC               CODE          00000000 - 00000085          86   com    0
CSTART               CODE          00000086 - 00000115          90   rel    0
DATA_ID              CODE               00000116                     dse    0
BDATA_ID             CODE               00000116                     dse    0
BIT_ID               CODE               00000116                     dse    0
IDATA_ID             CODE               00000116                     dse    0
IXDATA_ID            CODE               00000116                     dse    0
PDATA_ID             CODE               00000116                     dse    0
XDATA_ID             CODE          00000116 - 0000028D         178   rel    0
BANK_RELAYS          CODE          0000028E - 0000036B          DE   rel    0
RCODE                CODE          0000036C - 00000F24         BB9   rel    0
DIFUNCT              CODE               00000F25                     dse    0
CODE_C               CODE               00000F25                     dse    0
CODE_N               CODE               00000F25                     dse    0
NEAR_CODE            CODE          00000F25 - 00001099         175   rel    0
<BANKED_CODE> 1      CODE          0000109A - 00002DA3        1D0A   rel    0
REGISTERS            DATA          00000000 - 00000007           8   rel    0
VREG                 DATA          00000008 - 0000000F           8   rel    0
PSP                  DATA               00000010                     dse    0
XSP                  DATA          00000010 - 00000011           2   rel    0
BREG                 BIT        00000020.0  -  00000020.7        8   rel    0
SFR_AN               DATA          00000080 - 00000080           1   rel    0
                     DATA          00000088 - 0000008D           6 
                     DATA          0000008F - 00000091           3 
                     DATA          0000009A - 0000009B           2 
                     DATA          0000009D - 0000009E           2 
                     DATA          000000A0 - 000000A0           1 
                     DATA          000000A8 - 000000A8           1 
                     DATA          000000AB - 000000AC           2 
                     DATA          000000AF - 000000AF           1 
                     DATA          000000B6 - 000000B6           1 
                     DATA          000000B8 - 000000B8           1 
                     DATA          000000BA - 000000BB           2 
                     DATA          000000BE - 000000BE           1 
                     DATA          000000C0 - 000000C0           1 
                     DATA          000000C6 - 000000C6           1 
                     DATA          000000C9 - 000000C9           1 
                     DATA          000000D9 - 000000DB           3 
                     DATA          000000E1 - 000000E2           2 
                     DATA          000000E4 - 000000E5           2 
                     DATA          000000E8 - 000000E9           2 
                     DATA          000000F1 - 000000FF           F 
XSTACK               XDATA         00000001 - 00000100         100   rel    0
XDATA_Z              XDATA         00000101 - 000005B2         4B2   rel    0
XDATA_I              XDATA         000005B3 - 0000072A         178   rel    0
ISTACK               IDATA         000000C0 - 000000FF          40   rel    0

                ****************************************
                *                                      *
                *        END OF CROSS REFERENCE        *
                *                                      *
                ****************************************

 11 684 bytes of CODE  memory
     18 bytes of DATA  memory (+ 51 absolute )
  1 834 bytes of XDATA memory
     64 bytes of IDATA memory
      8 bits  of BIT   memory

Errors: none
Warnings: none

